2020-12-15 01:03:27,568 - DEBUG - controller - Запрос клиента: метод: get_dns_info, домены: ['reg.ru', 'ма.рф', 'мама.рф', 'маdfbма.рф', 'werqerw'], use_cache: True. Ответ: {'reg.ru': {'A': ['194.58.116.31'], 'AAAA': ['2a00:f940:4::8'], 'NS': ['ns2.reg.ru.', 'ns1.reg.ru.'], 'TXT': ['google-site-verification=T4VNp49mW_sdFhdRpJaLVqpX0tsxhvqE1muQIqn53XM', 'google-site-verification=iNCOGvgecL33MECdRd7KzXu_rvl2o7ndJtZtk5mL7dA', 'google-site-verification=QqRtBwaD2VYUYhHYTwXcdLtu4n0WnLSYvbZGrqBSuAc', 'mailru-verification: dbe01c84e25720a0', 'google-site-verification=C2fqzBtaO7m79tR37QPhe2yx_Y35JFYtt6556Gmtt8I', 'v=spf1 ip4:87.242.73.97 ip4:151.248.124.12 ip4:31.31.204.0/24 ip4:194.58.116.0/24 ip4:31.31.205.0/24 ip4:89.208.17.22 ip4:151.248.124.12 ip4:95.213.135.163 ip4:89.108.89.3 ip6:2a00:f940:0:8000::2 include:aspmx.googlemail.com  include:__spf_opensrs.reg.ru " "include:__spf_publicdomainregistry.reg.ru ~all'], 'MX': ['10 aspmx3.googlemail.com.', '5 alt1.aspmx.l.google.com.', '9 aspmx2.googlemail.com.', '1 aspmx.l.google.com.', '6 alt2.aspmx.l.google.com.'], 'CNAME': None}, 'ма.рф': {'A': ['90.156.201.13', '90.156.201.79', '90.156.201.46', '90.156.201.38'], 'AAAA': ['2a00:15f8:a000:5:1:11:2:4163', '2a00:15f8:a000:5:1:14:2:4163', '2a00:15f8:a000:5:1:13:2:4163', '2a00:15f8:a000:5:1:12:2:4163'], 'NS': ['ns2.masterhost.ru.', 'ns.masterhost.ru.', 'ns1.masterhost.ru.'], 'TXT': None, 'MX': None, 'CNAME': None}, 'мама.рф': 'GETTING_DNS_INFO_ERROR', 'маdfbма.рф': 'GETTING_DNS_INFO_ERROR', 'Invalid domain names': ['werqerw']}
2020-12-15 01:10:42,722 - DEBUG - controller - Запрос клиента: метод: get_dns_info, домены: ['reg.ru', 'ма.рф', 'мама.рф', 'маdfbма.рф', 'werqerw'], use_cache: True. Ответ: {'reg.ru': {'AAAA': "['2a00:f940:4::8']", 'NS': "['ns2.reg.ru.', 'ns1.reg.ru.']", 'CNAME': 'None', 'A': "['194.58.116.31']", 'TXT': '[\'google-site-verification=T4VNp49mW_sdFhdRpJaLVqpX0tsxhvqE1muQIqn53XM\', \'google-site-verification=iNCOGvgecL33MECdRd7KzXu_rvl2o7ndJtZtk5mL7dA\', \'google-site-verification=QqRtBwaD2VYUYhHYTwXcdLtu4n0WnLSYvbZGrqBSuAc\', \'mailru-verification: dbe01c84e25720a0\', \'google-site-verification=C2fqzBtaO7m79tR37QPhe2yx_Y35JFYtt6556Gmtt8I\', \'v=spf1 ip4:87.242.73.97 ip4:151.248.124.12 ip4:31.31.204.0/24 ip4:194.58.116.0/24 ip4:31.31.205.0/24 ip4:89.208.17.22 ip4:151.248.124.12 ip4:95.213.135.163 ip4:89.108.89.3 ip6:2a00:f940:0:8000::2 include:aspmx.googlemail.com  include:__spf_opensrs.reg.ru " "include:__spf_publicdomainregistry.reg.ru ~all\']', 'MX': "['10 aspmx3.googlemail.com.', '5 alt1.aspmx.l.google.com.', '9 aspmx2.googlemail.com.', '1 aspmx.l.google.com.', '6 alt2.aspmx.l.google.com.']"}, 'ма.рф': {'AAAA': "['2a00:15f8:a000:5:1:11:2:4163', '2a00:15f8:a000:5:1:14:2:4163', '2a00:15f8:a000:5:1:13:2:4163', '2a00:15f8:a000:5:1:12:2:4163']", 'NS': "['ns2.masterhost.ru.', 'ns.masterhost.ru.', 'ns1.masterhost.ru.']", 'CNAME': 'None', 'A': "['90.156.201.13', '90.156.201.79', '90.156.201.46', '90.156.201.38']", 'TXT': 'None', 'MX': 'None'}, 'мама.рф': 'GETTING_DNS_INFO_ERROR', 'маdfbма.рф': 'GETTING_DNS_INFO_ERROR', 'Invalid domain names': ['werqerw']}
2020-12-15 01:12:45,955 - ERROR - controller - Запрос клиента: метод: get_dns_info, домены: ['reg.ru', 'ма.рф', 'мама.рф', 'маdfbма.рф', 'werqerw'], use_cache: True. Ответ: GENERAL_ERROR
Traceback (most recent call last):
  File "/home/alexandr/.local/lib/python3.8/site-packages/redis/connection.py", line 1189, in get_connection
    if connection.can_read():
  File "/home/alexandr/.local/lib/python3.8/site-packages/redis/connection.py", line 725, in can_read
    return self._parser.can_read(timeout)
  File "/home/alexandr/.local/lib/python3.8/site-packages/redis/connection.py", line 318, in can_read
    return self._buffer and self._buffer.can_read(timeout)
  File "/home/alexandr/.local/lib/python3.8/site-packages/redis/connection.py", line 230, in can_read
    self._read_from_socket(timeout=timeout,
  File "/home/alexandr/.local/lib/python3.8/site-packages/redis/connection.py", line 201, in _read_from_socket
    raise ConnectionError(SERVER_CLOSED_CONNECTION_ERROR)
redis.exceptions.ConnectionError: Connection closed by server.

During handling of the above exception, another exception occurred:

Traceback (most recent call last):
  File "/home/alexandr/.local/lib/python3.8/site-packages/redis/connection.py", line 550, in connect
    sock = self._connect()
  File "/home/alexandr/.local/lib/python3.8/site-packages/redis/connection.py", line 606, in _connect
    raise err
  File "/home/alexandr/.local/lib/python3.8/site-packages/redis/connection.py", line 594, in _connect
    sock.connect(socket_address)
ConnectionRefusedError: [Errno 111] Connection refused

During handling of the above exception, another exception occurred:

Traceback (most recent call last):
  File "/home/alexandr/Рабочий стол/python/flask_app/domain-info/redis_handler.py", line 13, in check_connect_redis
    redis_conn.ping()
  File "/home/alexandr/.local/lib/python3.8/site-packages/redis/client.py", line 1378, in ping
    return self.execute_command('PING')
  File "/home/alexandr/.local/lib/python3.8/site-packages/redis/client.py", line 898, in execute_command
    conn = self.connection or pool.get_connection(command_name, **options)
  File "/home/alexandr/.local/lib/python3.8/site-packages/redis/connection.py", line 1193, in get_connection
    connection.connect()
  File "/home/alexandr/.local/lib/python3.8/site-packages/redis/connection.py", line 554, in connect
    raise ConnectionError(self._error_message(e))
redis.exceptions.ConnectionError: Error 111 connecting to localhost:6379. Connection refused.

During handling of the above exception, another exception occurred:

Traceback (most recent call last):
  File "/home/alexandr/Рабочий стол/python/flask_app/domain-info/controller.py", line 94, in forming_response
    check_connect_redis()
  File "/home/alexandr/Рабочий стол/python/flask_app/domain-info/redis_handler.py", line 15, in check_connect_redis
    raise MyException
utilits.MyException
2020-12-15 01:15:23,141 - ERROR - controller - Запрос клиента: метод: get_dns_info, домены: ['reg.ru', 'ма.рф', 'мама.рф', 'маdfbма.рф', 'werqerw'], use_cache: True. Ответ: GENERAL_ERROR
2020-12-15 01:16:25,045 - ERROR - controller - Запрос клиента: метод: get_dns_info, домены: ['reg.ru', 'ма.рф', 'мама.рф', 'маdfbма.рф', 'werqerw'], use_cache: True. Ответ: GENERAL_ERROR
Traceback (most recent call last):
  File "/home/alexandr/.local/lib/python3.8/site-packages/redis/connection.py", line 550, in connect
    sock = self._connect()
  File "/home/alexandr/.local/lib/python3.8/site-packages/redis/connection.py", line 606, in _connect
    raise err
  File "/home/alexandr/.local/lib/python3.8/site-packages/redis/connection.py", line 594, in _connect
    sock.connect(socket_address)
ConnectionRefusedError: [Errno 111] Connection refused

During handling of the above exception, another exception occurred:

Traceback (most recent call last):
  File "/home/alexandr/Рабочий стол/python/flask_app/domain-info/redis_handler.py", line 13, in check_connect_redis
    redis_conn.ping()
  File "/home/alexandr/.local/lib/python3.8/site-packages/redis/client.py", line 1378, in ping
    return self.execute_command('PING')
  File "/home/alexandr/.local/lib/python3.8/site-packages/redis/client.py", line 898, in execute_command
    conn = self.connection or pool.get_connection(command_name, **options)
  File "/home/alexandr/.local/lib/python3.8/site-packages/redis/connection.py", line 1183, in get_connection
    connection.connect()
  File "/home/alexandr/.local/lib/python3.8/site-packages/redis/connection.py", line 554, in connect
    raise ConnectionError(self._error_message(e))
redis.exceptions.ConnectionError: Error 111 connecting to localhost:6379. Connection refused.

During handling of the above exception, another exception occurred:

Traceback (most recent call last):
  File "/home/alexandr/Рабочий стол/python/flask_app/domain-info/controller.py", line 94, in forming_response
    check_connect_redis()
  File "/home/alexandr/Рабочий стол/python/flask_app/domain-info/redis_handler.py", line 15, in check_connect_redis
    raise MyException
utilits.MyException
2020-12-15 21:50:47,085 - DEBUG - controll - Запрос клиента: метод: get_dns_info, домены: ['reg.ru', 'ма.рф', 'мама.рф', 'маdfbма.рф', 'werqerw'], use_cache: True. Ответ: {'reg.ru': {'A': ['194.58.116.31'], 'AAAA': ['2a00:f940:4::8'], 'NS': ['ns1.reg.ru.', 'ns2.reg.ru.'], 'TXT': ['google-site-verification=iNCOGvgecL33MECdRd7KzXu_rvl2o7ndJtZtk5mL7dA', '_globalsign-domain-verification=gsVD170OuYciVMg_PWncq9FcQ_buNIHZrMewY7a0oZ', 'google-site-verification=QqRtBwaD2VYUYhHYTwXcdLtu4n0WnLSYvbZGrqBSuAc', 'v=spf1 ip4:87.242.73.97 ip4:151.248.124.12 ip4:31.31.204.0/24 ip4:194.58.116.0/24 ip4:31.31.205.0/24 ip4:89.208.17.22 ip4:151.248.124.12 ip4:95.213.135.163 ip4:89.108.89.3 ip6:2a00:f940:0:8000::2 include:aspmx.googlemail.com  include:__spf_opensrs.reg.ru " "include:__spf_publicdomainregistry.reg.ru ~all', 'google-site-verification=T4VNp49mW_sdFhdRpJaLVqpX0tsxhvqE1muQIqn53XM', 'google-site-verification=C2fqzBtaO7m79tR37QPhe2yx_Y35JFYtt6556Gmtt8I', 'mailru-verification: dbe01c84e25720a0'], 'MX': ['5 alt1.aspmx.l.google.com.', '10 aspmx3.googlemail.com.', '6 alt2.aspmx.l.google.com.', '9 aspmx2.googlemail.com.', '1 aspmx.l.google.com.'], 'CNAME': None}, 'ма.рф': {'A': ['90.156.201.79', '90.156.201.38', '90.156.201.46', '90.156.201.13'], 'AAAA': ['2a00:15f8:a000:5:1:13:2:4163', '2a00:15f8:a000:5:1:11:2:4163', '2a00:15f8:a000:5:1:14:2:4163', '2a00:15f8:a000:5:1:12:2:4163'], 'NS': ['ns.masterhost.ru.', 'ns2.masterhost.ru.', 'ns1.masterhost.ru.'], 'TXT': None, 'MX': None, 'CNAME': None}, 'мама.рф': 'GETTING_DNS_INFO_ERROR', 'маdfbма.рф': 'GETTING_DNS_INFO_ERROR', 'Invalid domain names': ['werqerw']}
2020-12-15 22:03:08,136 - DEBUG - logger_client - Запрос клиента: метод: get_dns_info, домены: ['reg.ru', 'ма.рф', 'мама.рф', 'маdfbма.рф', 'werqerw'], use_cache: True. Ответ: {'reg.ru': {'TXT': '[\'google-site-verification=iNCOGvgecL33MECdRd7KzXu_rvl2o7ndJtZtk5mL7dA\', \'_globalsign-domain-verification=gsVD170OuYciVMg_PWncq9FcQ_buNIHZrMewY7a0oZ\', \'google-site-verification=QqRtBwaD2VYUYhHYTwXcdLtu4n0WnLSYvbZGrqBSuAc\', \'v=spf1 ip4:87.242.73.97 ip4:151.248.124.12 ip4:31.31.204.0/24 ip4:194.58.116.0/24 ip4:31.31.205.0/24 ip4:89.208.17.22 ip4:151.248.124.12 ip4:95.213.135.163 ip4:89.108.89.3 ip6:2a00:f940:0:8000::2 include:aspmx.googlemail.com  include:__spf_opensrs.reg.ru " "include:__spf_publicdomainregistry.reg.ru ~all\', \'google-site-verification=T4VNp49mW_sdFhdRpJaLVqpX0tsxhvqE1muQIqn53XM\', \'google-site-verification=C2fqzBtaO7m79tR37QPhe2yx_Y35JFYtt6556Gmtt8I\', \'mailru-verification: dbe01c84e25720a0\']', 'CNAME': 'None', 'A': "['194.58.116.31']", 'NS': "['ns1.reg.ru.', 'ns2.reg.ru.']", 'MX': "['5 alt1.aspmx.l.google.com.', '10 aspmx3.googlemail.com.', '6 alt2.aspmx.l.google.com.', '9 aspmx2.googlemail.com.', '1 aspmx.l.google.com.']", 'AAAA': "['2a00:f940:4::8']"}, 'ма.рф': {'TXT': 'None', 'CNAME': 'None', 'A': "['90.156.201.79', '90.156.201.38', '90.156.201.46', '90.156.201.13']", 'NS': "['ns.masterhost.ru.', 'ns2.masterhost.ru.', 'ns1.masterhost.ru.']", 'MX': 'None', 'AAAA': "['2a00:15f8:a000:5:1:13:2:4163', '2a00:15f8:a000:5:1:11:2:4163', '2a00:15f8:a000:5:1:14:2:4163', '2a00:15f8:a000:5:1:12:2:4163']"}, 'мама.рф': 'GETTING_DNS_INFO_ERROR', 'маdfbма.рф': 'GETTING_DNS_INFO_ERROR', 'Invalid domain names': ['werqerw']}
2020-12-15 22:03:53,448 - DEBUG - logger_client - Запрос клиента: метод: get_all_info, домены: ['reg.ru', 'ма.рф', 'мама.рф', 'маdfbма.рф', 'werqerw'], use_cache: True. Ответ: {'reg.ru': {'whois_text': "% By submitting a query to RIPN's Whois Service\n% you agree to abide by the following terms of use:\n% http://www.ripn.net/about/servpol.html#3.2 (in Russian) \n% http://www.ripn.net/about/en/servpol.html#3.2 (in English).\n\ndomain:        REG.RU\nnserver:       ns1.reg.ru. 176.99.13.11, 176.99.13.13, 176.99.13.15, 176.99.13.17, 194.58.117.11, 194.58.117.13, 194.58.117.15, 194.58.117.17, 2a00:f940:4::47\nnserver:       ns2.reg.ru. 176.99.13.12, 176.99.13.14, 176.99.13.16, 176.99.13.18, 194.58.117.12, 194.58.117.14, 194.58.117.16, 194.58.117.18, 2a00:f940:5::190\nstate:         REGISTERED, DELEGATED, VERIFIED\norg:           Domain name registrar REG.RU Ltd.\nregistrar:     REGRU-RU\nadmin-contact: http://www.reg.ru/whois/admin_contact\ncreated:       2005-10-31T21:00:00Z\npaid-till:     2021-10-31T21:00:00Z\nfree-date:     2021-12-02\nsource:        TCI\n\nLast updated on 2020-12-15T18:01:30Z\n\n", 'whois_info': {'domain': 'REG.RU', 'nserver 1': 'ns1.reg.ru. 176.99.13.11, 176.99.13.13, 176.99.13.15, 176.99.13.17, 194.58.117.11, 194.58.117.13, 194.58.117.15, 194.58.117.17, 2a00:f940:4::47', 'nserver 2': 'ns2.reg.ru. 176.99.13.12, 176.99.13.14, 176.99.13.16, 176.99.13.18, 194.58.117.12, 194.58.117.14, 194.58.117.16, 194.58.117.18, 2a00:f940:5::190', 'state': 'REGISTERED, DELEGATED, VERIFIED', 'org': 'Domain name registrar REG.RU Ltd.', 'registrar': 'REGRU-RU', 'admin-contact': 'http://www.reg.ru/whois/admin_contact', 'created': '2005-10-31T21:00:00Z', 'paid-till': '2021-10-31T21:00:00Z', 'free-date': '2021-12-02'}, 'http_info': 'code: 200, https: True', 'dns_info': {'TXT': '[\'google-site-verification=iNCOGvgecL33MECdRd7KzXu_rvl2o7ndJtZtk5mL7dA\', \'_globalsign-domain-verification=gsVD170OuYciVMg_PWncq9FcQ_buNIHZrMewY7a0oZ\', \'google-site-verification=QqRtBwaD2VYUYhHYTwXcdLtu4n0WnLSYvbZGrqBSuAc\', \'v=spf1 ip4:87.242.73.97 ip4:151.248.124.12 ip4:31.31.204.0/24 ip4:194.58.116.0/24 ip4:31.31.205.0/24 ip4:89.208.17.22 ip4:151.248.124.12 ip4:95.213.135.163 ip4:89.108.89.3 ip6:2a00:f940:0:8000::2 include:aspmx.googlemail.com  include:__spf_opensrs.reg.ru " "include:__spf_publicdomainregistry.reg.ru ~all\', \'google-site-verification=T4VNp49mW_sdFhdRpJaLVqpX0tsxhvqE1muQIqn53XM\', \'google-site-verification=C2fqzBtaO7m79tR37QPhe2yx_Y35JFYtt6556Gmtt8I\', \'mailru-verification: dbe01c84e25720a0\']', 'CNAME': 'None', 'A': "['194.58.116.31']", 'NS': "['ns1.reg.ru.', 'ns2.reg.ru.']", 'MX': "['5 alt1.aspmx.l.google.com.', '10 aspmx3.googlemail.com.', '6 alt2.aspmx.l.google.com.', '9 aspmx2.googlemail.com.', '1 aspmx.l.google.com.']", 'AAAA': "['2a00:f940:4::8']"}}, 'ма.рф': {'whois_text': '% By submitting a query to RIPN\'s Whois Service\n% you agree to abide by the following terms of use:\n% http://www.ripn.net/about/servpol.html#3.2 (in Russian) \n% http://www.ripn.net/about/en/servpol.html#3.2 (in English).\n\ndomain:        XN--80AX.XN--P1AI\nnserver:       ns1.masterhost.ru.\nnserver:       ns2.masterhost.ru.\nnserver:       ns.masterhost.ru.\nstate:         REGISTERED, DELEGATED, VERIFIED\norg:           AO "Grasis"\nregistrar:     RD-RF\nadmin-contact: https://cp.mastername.ru/domain_feedback/\ncreated:       2010-02-12T08:47:06Z\npaid-till:     2022-02-12T08:47:06Z\nfree-date:     2022-03-15\nsource:        TCI\n\nLast updated on 2020-12-15T18:01:30Z\n\n', 'whois_info': {'domain': 'XN--80AX.XN--P1AI', 'nserver 1': 'ns1.masterhost.ru.', 'nserver 2': 'ns2.masterhost.ru.', 'nserver 3': 'ns.masterhost.ru.', 'state': 'REGISTERED, DELEGATED, VERIFIED', 'org': 'AO "Grasis"', 'registrar': 'RD-RF', 'admin-contact': 'https://cp.mastername.ru/domain_feedback/', 'created': '2010-02-12T08:47:06Z', 'paid-till': '2022-02-12T08:47:06Z', 'free-date': '2022-03-15'}, 'http_info': 'code: 200, https: False', 'dns_info': {'TXT': 'None', 'CNAME': 'None', 'A': "['90.156.201.79', '90.156.201.38', '90.156.201.46', '90.156.201.13']", 'NS': "['ns.masterhost.ru.', 'ns2.masterhost.ru.', 'ns1.masterhost.ru.']", 'MX': 'None', 'AAAA': "['2a00:15f8:a000:5:1:13:2:4163', '2a00:15f8:a000:5:1:11:2:4163', '2a00:15f8:a000:5:1:14:2:4163', '2a00:15f8:a000:5:1:12:2:4163']"}}, 'мама.рф': {'whois_text': "% By submitting a query to RIPN's Whois Service\n% you agree to abide by the following terms of use:\n% http://www.ripn.net/about/servpol.html#3.2 (in Russian) \n% http://www.ripn.net/about/en/servpol.html#3.2 (in English).\n\ndomain:        XN--80AA8AB.XN--P1AI\nnserver:       ns3.nic.ru.\nnserver:       ns4.nic.ru.\nnserver:       ns8.nic.ru.\nstate:         REGISTERED, DELEGATED, VERIFIED\nperson:        Private Person\nregistrar:     RUCENTER-RF\nadmin-contact: https://www.nic.ru/whois\ncreated:       2009-12-10T09:13:53Z\npaid-till:     2021-12-10T09:13:53Z\nfree-date:     2022-01-10\nsource:        TCI\n\nLast updated on 2020-12-15T18:01:30Z\n\n", 'whois_info': {'domain': 'XN--80AA8AB.XN--P1AI', 'nserver 1': 'ns3.nic.ru.', 'nserver 2': 'ns4.nic.ru.', 'nserver 3': 'ns8.nic.ru.', 'state': 'REGISTERED, DELEGATED, VERIFIED', 'person': 'Private Person', 'registrar': 'RUCENTER-RF', 'admin-contact': 'https://www.nic.ru/whois', 'created': '2009-12-10T09:13:53Z', 'paid-till': '2021-12-10T09:13:53Z', 'free-date': '2022-01-10'}, 'http_info': 'GETTING_HTTP_INFO_ERROR', 'dns_info': 'GETTING_DNS_INFO_ERROR'}, 'маdfbма.рф': {'whois_text': "% By submitting a query to RIPN's Whois Service\n% you agree to abide by the following terms of use:\n% http://www.ripn.net/about/servpol.html#3.2 (in Russian) \n% http://www.ripn.net/about/en/servpol.html#3.2 (in English).\n\nNo entries found for the selected source(s).\n\nLast updated on 2020-12-15T18:01:30Z\n\n", 'whois_info': 'DOMAIN_NOT_REGISTRED', 'http_info': 'GETTING_HTTP_INFO_ERROR', 'dns_info': 'GETTING_DNS_INFO_ERROR'}, 'Invalid domain names': ['werqerw']}
2020-12-15 22:15:03,089 - DEBUG - logger_client - Запрос клиента: метод: get_dns_info, домены: ['ма.рф', 'reg.ru', 'мама.рф', 'маdfbма.рф', 'werqerw'], use_cache: True. Ответ: {'ма.рф': {'TXT': 'None', 'CNAME': 'None', 'A': "['90.156.201.79', '90.156.201.38', '90.156.201.46', '90.156.201.13']", 'NS': "['ns.masterhost.ru.', 'ns2.masterhost.ru.', 'ns1.masterhost.ru.']", 'MX': 'None', 'AAAA': "['2a00:15f8:a000:5:1:13:2:4163', '2a00:15f8:a000:5:1:11:2:4163', '2a00:15f8:a000:5:1:14:2:4163', '2a00:15f8:a000:5:1:12:2:4163']"}, 'reg.ru': {'TXT': '[\'google-site-verification=iNCOGvgecL33MECdRd7KzXu_rvl2o7ndJtZtk5mL7dA\', \'_globalsign-domain-verification=gsVD170OuYciVMg_PWncq9FcQ_buNIHZrMewY7a0oZ\', \'google-site-verification=QqRtBwaD2VYUYhHYTwXcdLtu4n0WnLSYvbZGrqBSuAc\', \'v=spf1 ip4:87.242.73.97 ip4:151.248.124.12 ip4:31.31.204.0/24 ip4:194.58.116.0/24 ip4:31.31.205.0/24 ip4:89.208.17.22 ip4:151.248.124.12 ip4:95.213.135.163 ip4:89.108.89.3 ip6:2a00:f940:0:8000::2 include:aspmx.googlemail.com  include:__spf_opensrs.reg.ru " "include:__spf_publicdomainregistry.reg.ru ~all\', \'google-site-verification=T4VNp49mW_sdFhdRpJaLVqpX0tsxhvqE1muQIqn53XM\', \'google-site-verification=C2fqzBtaO7m79tR37QPhe2yx_Y35JFYtt6556Gmtt8I\', \'mailru-verification: dbe01c84e25720a0\']', 'CNAME': 'None', 'A': "['194.58.116.31']", 'NS': "['ns1.reg.ru.', 'ns2.reg.ru.']", 'MX': "['5 alt1.aspmx.l.google.com.', '10 aspmx3.googlemail.com.', '6 alt2.aspmx.l.google.com.', '9 aspmx2.googlemail.com.', '1 aspmx.l.google.com.']", 'AAAA': "['2a00:f940:4::8']"}, 'мама.рф': 'GETTING_DNS_INFO_ERROR', 'маdfbма.рф': 'GETTING_DNS_INFO_ERROR', 'Invalid domain names': ['werqerw']}
2020-12-15 22:17:47,801 - DEBUG - logger_client - Запрос клиента: метод: get_all_info, домены: ['ма.рф', 'reg.ru', 'мама.рф', 'маdfbма.рф', 'werqerw'], use_cache: True. Ответ: {'ма.рф': {'whois_text': '% By submitting a query to RIPN\'s Whois Service\n% you agree to abide by the following terms of use:\n% http://www.ripn.net/about/servpol.html#3.2 (in Russian) \n% http://www.ripn.net/about/en/servpol.html#3.2 (in English).\n\ndomain:        XN--80AX.XN--P1AI\nnserver:       ns1.masterhost.ru.\nnserver:       ns2.masterhost.ru.\nnserver:       ns.masterhost.ru.\nstate:         REGISTERED, DELEGATED, VERIFIED\norg:           AO "Grasis"\nregistrar:     RD-RF\nadmin-contact: https://cp.mastername.ru/domain_feedback/\ncreated:       2010-02-12T08:47:06Z\npaid-till:     2022-02-12T08:47:06Z\nfree-date:     2022-03-15\nsource:        TCI\n\nLast updated on 2020-12-15T18:01:30Z\n\n', 'whois_info': {'domain': 'XN--80AX.XN--P1AI', 'nserver 1': 'ns1.masterhost.ru.', 'nserver 2': 'ns2.masterhost.ru.', 'nserver 3': 'ns.masterhost.ru.', 'state': 'REGISTERED, DELEGATED, VERIFIED', 'org': 'AO "Grasis"', 'registrar': 'RD-RF', 'admin-contact': 'https://cp.mastername.ru/domain_feedback/', 'created': '2010-02-12T08:47:06Z', 'paid-till': '2022-02-12T08:47:06Z', 'free-date': '2022-03-15'}, 'http_info': 'code: 200, https: False', 'dns_info': {'TXT': 'None', 'CNAME': 'None', 'A': "['90.156.201.79', '90.156.201.38', '90.156.201.46', '90.156.201.13']", 'NS': "['ns.masterhost.ru.', 'ns2.masterhost.ru.', 'ns1.masterhost.ru.']", 'MX': 'None', 'AAAA': "['2a00:15f8:a000:5:1:13:2:4163', '2a00:15f8:a000:5:1:11:2:4163', '2a00:15f8:a000:5:1:14:2:4163', '2a00:15f8:a000:5:1:12:2:4163']"}}, 'reg.ru': {'whois_text': "% By submitting a query to RIPN's Whois Service\n% you agree to abide by the following terms of use:\n% http://www.ripn.net/about/servpol.html#3.2 (in Russian) \n% http://www.ripn.net/about/en/servpol.html#3.2 (in English).\n\ndomain:        REG.RU\nnserver:       ns1.reg.ru. 176.99.13.11, 176.99.13.13, 176.99.13.15, 176.99.13.17, 194.58.117.11, 194.58.117.13, 194.58.117.15, 194.58.117.17, 2a00:f940:4::47\nnserver:       ns2.reg.ru. 176.99.13.12, 176.99.13.14, 176.99.13.16, 176.99.13.18, 194.58.117.12, 194.58.117.14, 194.58.117.16, 194.58.117.18, 2a00:f940:5::190\nstate:         REGISTERED, DELEGATED, VERIFIED\norg:           Domain name registrar REG.RU Ltd.\nregistrar:     REGRU-RU\nadmin-contact: http://www.reg.ru/whois/admin_contact\ncreated:       2005-10-31T21:00:00Z\npaid-till:     2021-10-31T21:00:00Z\nfree-date:     2021-12-02\nsource:        TCI\n\nLast updated on 2020-12-15T18:01:30Z\n\n", 'whois_info': {'domain': 'REG.RU', 'nserver 1': 'ns1.reg.ru. 176.99.13.11, 176.99.13.13, 176.99.13.15, 176.99.13.17, 194.58.117.11, 194.58.117.13, 194.58.117.15, 194.58.117.17, 2a00:f940:4::47', 'nserver 2': 'ns2.reg.ru. 176.99.13.12, 176.99.13.14, 176.99.13.16, 176.99.13.18, 194.58.117.12, 194.58.117.14, 194.58.117.16, 194.58.117.18, 2a00:f940:5::190', 'state': 'REGISTERED, DELEGATED, VERIFIED', 'org': 'Domain name registrar REG.RU Ltd.', 'registrar': 'REGRU-RU', 'admin-contact': 'http://www.reg.ru/whois/admin_contact', 'created': '2005-10-31T21:00:00Z', 'paid-till': '2021-10-31T21:00:00Z', 'free-date': '2021-12-02'}, 'http_info': 'code: 200, https: True', 'dns_info': {'TXT': '[\'google-site-verification=iNCOGvgecL33MECdRd7KzXu_rvl2o7ndJtZtk5mL7dA\', \'_globalsign-domain-verification=gsVD170OuYciVMg_PWncq9FcQ_buNIHZrMewY7a0oZ\', \'google-site-verification=QqRtBwaD2VYUYhHYTwXcdLtu4n0WnLSYvbZGrqBSuAc\', \'v=spf1 ip4:87.242.73.97 ip4:151.248.124.12 ip4:31.31.204.0/24 ip4:194.58.116.0/24 ip4:31.31.205.0/24 ip4:89.208.17.22 ip4:151.248.124.12 ip4:95.213.135.163 ip4:89.108.89.3 ip6:2a00:f940:0:8000::2 include:aspmx.googlemail.com  include:__spf_opensrs.reg.ru " "include:__spf_publicdomainregistry.reg.ru ~all\', \'google-site-verification=T4VNp49mW_sdFhdRpJaLVqpX0tsxhvqE1muQIqn53XM\', \'google-site-verification=C2fqzBtaO7m79tR37QPhe2yx_Y35JFYtt6556Gmtt8I\', \'mailru-verification: dbe01c84e25720a0\']', 'CNAME': 'None', 'A': "['194.58.116.31']", 'NS': "['ns1.reg.ru.', 'ns2.reg.ru.']", 'MX': "['5 alt1.aspmx.l.google.com.', '10 aspmx3.googlemail.com.', '6 alt2.aspmx.l.google.com.', '9 aspmx2.googlemail.com.', '1 aspmx.l.google.com.']", 'AAAA': "['2a00:f940:4::8']"}}, 'мама.рф': {'whois_text': "% By submitting a query to RIPN's Whois Service\n% you agree to abide by the following terms of use:\n% http://www.ripn.net/about/servpol.html#3.2 (in Russian) \n% http://www.ripn.net/about/en/servpol.html#3.2 (in English).\n\ndomain:        XN--80AA8AB.XN--P1AI\nnserver:       ns3.nic.ru.\nnserver:       ns4.nic.ru.\nnserver:       ns8.nic.ru.\nstate:         REGISTERED, DELEGATED, VERIFIED\nperson:        Private Person\nregistrar:     RUCENTER-RF\nadmin-contact: https://www.nic.ru/whois\ncreated:       2009-12-10T09:13:53Z\npaid-till:     2021-12-10T09:13:53Z\nfree-date:     2022-01-10\nsource:        TCI\n\nLast updated on 2020-12-15T18:01:30Z\n\n", 'whois_info': {'domain': 'XN--80AA8AB.XN--P1AI', 'nserver 1': 'ns3.nic.ru.', 'nserver 2': 'ns4.nic.ru.', 'nserver 3': 'ns8.nic.ru.', 'state': 'REGISTERED, DELEGATED, VERIFIED', 'person': 'Private Person', 'registrar': 'RUCENTER-RF', 'admin-contact': 'https://www.nic.ru/whois', 'created': '2009-12-10T09:13:53Z', 'paid-till': '2021-12-10T09:13:53Z', 'free-date': '2022-01-10'}, 'http_info': 'GETTING_HTTP_INFO_ERROR', 'dns_info': 'GETTING_DNS_INFO_ERROR'}, 'маdfbма.рф': {'whois_text': "% By submitting a query to RIPN's Whois Service\n% you agree to abide by the following terms of use:\n% http://www.ripn.net/about/servpol.html#3.2 (in Russian) \n% http://www.ripn.net/about/en/servpol.html#3.2 (in English).\n\nNo entries found for the selected source(s).\n\nLast updated on 2020-12-15T18:01:30Z\n\n", 'whois_info': 'DOMAIN_NOT_REGISTRED', 'http_info': 'GETTING_HTTP_INFO_ERROR', 'dns_info': 'GETTING_DNS_INFO_ERROR'}, 'Invalid domain names': ['werqerw']}
2020-12-15 22:18:24,934 - DEBUG - logger_client - Запрос клиента: метод: get_all_info, домены: ['ма.рф', 'reg.ru', 'мама.рф', 'маdfbма.рф', 'werqerw'], use_cache: True. Ответ: {'ма.рф': {'whois_text': '% By submitting a query to RIPN\'s Whois Service\n% you agree to abide by the following terms of use:\n% http://www.ripn.net/about/servpol.html#3.2 (in Russian) \n% http://www.ripn.net/about/en/servpol.html#3.2 (in English).\n\ndomain:        XN--80AX.XN--P1AI\nnserver:       ns1.masterhost.ru.\nnserver:       ns2.masterhost.ru.\nnserver:       ns.masterhost.ru.\nstate:         REGISTERED, DELEGATED, VERIFIED\norg:           AO "Grasis"\nregistrar:     RD-RF\nadmin-contact: https://cp.mastername.ru/domain_feedback/\ncreated:       2010-02-12T08:47:06Z\npaid-till:     2022-02-12T08:47:06Z\nfree-date:     2022-03-15\nsource:        TCI\n\nLast updated on 2020-12-15T18:01:30Z\n\n', 'whois_info': {'domain': 'XN--80AX.XN--P1AI', 'nserver 1': 'ns1.masterhost.ru.', 'nserver 2': 'ns2.masterhost.ru.', 'nserver 3': 'ns.masterhost.ru.', 'state': 'REGISTERED, DELEGATED, VERIFIED', 'org': 'AO "Grasis"', 'registrar': 'RD-RF', 'admin-contact': 'https://cp.mastername.ru/domain_feedback/', 'created': '2010-02-12T08:47:06Z', 'paid-till': '2022-02-12T08:47:06Z', 'free-date': '2022-03-15'}, 'http_info': 'code: 200, https: False', 'dns_info': {'TXT': 'None', 'CNAME': 'None', 'A': "['90.156.201.79', '90.156.201.38', '90.156.201.46', '90.156.201.13']", 'NS': "['ns.masterhost.ru.', 'ns2.masterhost.ru.', 'ns1.masterhost.ru.']", 'MX': 'None', 'AAAA': "['2a00:15f8:a000:5:1:13:2:4163', '2a00:15f8:a000:5:1:11:2:4163', '2a00:15f8:a000:5:1:14:2:4163', '2a00:15f8:a000:5:1:12:2:4163']"}}, 'reg.ru': {'whois_text': "% By submitting a query to RIPN's Whois Service\n% you agree to abide by the following terms of use:\n% http://www.ripn.net/about/servpol.html#3.2 (in Russian) \n% http://www.ripn.net/about/en/servpol.html#3.2 (in English).\n\ndomain:        REG.RU\nnserver:       ns1.reg.ru. 176.99.13.11, 176.99.13.13, 176.99.13.15, 176.99.13.17, 194.58.117.11, 194.58.117.13, 194.58.117.15, 194.58.117.17, 2a00:f940:4::47\nnserver:       ns2.reg.ru. 176.99.13.12, 176.99.13.14, 176.99.13.16, 176.99.13.18, 194.58.117.12, 194.58.117.14, 194.58.117.16, 194.58.117.18, 2a00:f940:5::190\nstate:         REGISTERED, DELEGATED, VERIFIED\norg:           Domain name registrar REG.RU Ltd.\nregistrar:     REGRU-RU\nadmin-contact: http://www.reg.ru/whois/admin_contact\ncreated:       2005-10-31T21:00:00Z\npaid-till:     2021-10-31T21:00:00Z\nfree-date:     2021-12-02\nsource:        TCI\n\nLast updated on 2020-12-15T18:01:30Z\n\n", 'whois_info': {'domain': 'REG.RU', 'nserver 1': 'ns1.reg.ru. 176.99.13.11, 176.99.13.13, 176.99.13.15, 176.99.13.17, 194.58.117.11, 194.58.117.13, 194.58.117.15, 194.58.117.17, 2a00:f940:4::47', 'nserver 2': 'ns2.reg.ru. 176.99.13.12, 176.99.13.14, 176.99.13.16, 176.99.13.18, 194.58.117.12, 194.58.117.14, 194.58.117.16, 194.58.117.18, 2a00:f940:5::190', 'state': 'REGISTERED, DELEGATED, VERIFIED', 'org': 'Domain name registrar REG.RU Ltd.', 'registrar': 'REGRU-RU', 'admin-contact': 'http://www.reg.ru/whois/admin_contact', 'created': '2005-10-31T21:00:00Z', 'paid-till': '2021-10-31T21:00:00Z', 'free-date': '2021-12-02'}, 'http_info': 'code: 200, https: True', 'dns_info': {'TXT': '[\'google-site-verification=iNCOGvgecL33MECdRd7KzXu_rvl2o7ndJtZtk5mL7dA\', \'_globalsign-domain-verification=gsVD170OuYciVMg_PWncq9FcQ_buNIHZrMewY7a0oZ\', \'google-site-verification=QqRtBwaD2VYUYhHYTwXcdLtu4n0WnLSYvbZGrqBSuAc\', \'v=spf1 ip4:87.242.73.97 ip4:151.248.124.12 ip4:31.31.204.0/24 ip4:194.58.116.0/24 ip4:31.31.205.0/24 ip4:89.208.17.22 ip4:151.248.124.12 ip4:95.213.135.163 ip4:89.108.89.3 ip6:2a00:f940:0:8000::2 include:aspmx.googlemail.com  include:__spf_opensrs.reg.ru " "include:__spf_publicdomainregistry.reg.ru ~all\', \'google-site-verification=T4VNp49mW_sdFhdRpJaLVqpX0tsxhvqE1muQIqn53XM\', \'google-site-verification=C2fqzBtaO7m79tR37QPhe2yx_Y35JFYtt6556Gmtt8I\', \'mailru-verification: dbe01c84e25720a0\']', 'CNAME': 'None', 'A': "['194.58.116.31']", 'NS': "['ns1.reg.ru.', 'ns2.reg.ru.']", 'MX': "['5 alt1.aspmx.l.google.com.', '10 aspmx3.googlemail.com.', '6 alt2.aspmx.l.google.com.', '9 aspmx2.googlemail.com.', '1 aspmx.l.google.com.']", 'AAAA': "['2a00:f940:4::8']"}}, 'мама.рф': {'whois_text': "% By submitting a query to RIPN's Whois Service\n% you agree to abide by the following terms of use:\n% http://www.ripn.net/about/servpol.html#3.2 (in Russian) \n% http://www.ripn.net/about/en/servpol.html#3.2 (in English).\n\ndomain:        XN--80AA8AB.XN--P1AI\nnserver:       ns3.nic.ru.\nnserver:       ns4.nic.ru.\nnserver:       ns8.nic.ru.\nstate:         REGISTERED, DELEGATED, VERIFIED\nperson:        Private Person\nregistrar:     RUCENTER-RF\nadmin-contact: https://www.nic.ru/whois\ncreated:       2009-12-10T09:13:53Z\npaid-till:     2021-12-10T09:13:53Z\nfree-date:     2022-01-10\nsource:        TCI\n\nLast updated on 2020-12-15T18:01:30Z\n\n", 'whois_info': {'domain': 'XN--80AA8AB.XN--P1AI', 'nserver 1': 'ns3.nic.ru.', 'nserver 2': 'ns4.nic.ru.', 'nserver 3': 'ns8.nic.ru.', 'state': 'REGISTERED, DELEGATED, VERIFIED', 'person': 'Private Person', 'registrar': 'RUCENTER-RF', 'admin-contact': 'https://www.nic.ru/whois', 'created': '2009-12-10T09:13:53Z', 'paid-till': '2021-12-10T09:13:53Z', 'free-date': '2022-01-10'}, 'http_info': 'GETTING_HTTP_INFO_ERROR', 'dns_info': 'GETTING_DNS_INFO_ERROR'}, 'маdfbма.рф': {'whois_text': "% By submitting a query to RIPN's Whois Service\n% you agree to abide by the following terms of use:\n% http://www.ripn.net/about/servpol.html#3.2 (in Russian) \n% http://www.ripn.net/about/en/servpol.html#3.2 (in English).\n\nNo entries found for the selected source(s).\n\nLast updated on 2020-12-15T18:01:30Z\n\n", 'whois_info': 'DOMAIN_NOT_REGISTRED', 'http_info': 'GETTING_HTTP_INFO_ERROR', 'dns_info': 'GETTING_DNS_INFO_ERROR'}, 'Invalid domain names': ['werqerw']}
2020-12-15 22:33:49,226 - DEBUG - logger_client - Запрос клиента: метод: get_all_info, домены: ['ма.рф', 'reg.ru', 'мама.рф', 'маdfbма.рф', 'werqerw'], use_cache: True. Ответ: {'ма.рф': {'whois_text': '% By submitting a query to RIPN\'s Whois Service\n% you agree to abide by the following terms of use:\n% http://www.ripn.net/about/servpol.html#3.2 (in Russian) \n% http://www.ripn.net/about/en/servpol.html#3.2 (in English).\n\ndomain:        XN--80AX.XN--P1AI\nnserver:       ns1.masterhost.ru.\nnserver:       ns2.masterhost.ru.\nnserver:       ns.masterhost.ru.\nstate:         REGISTERED, DELEGATED, VERIFIED\norg:           AO "Grasis"\nregistrar:     RD-RF\nadmin-contact: https://cp.mastername.ru/domain_feedback/\ncreated:       2010-02-12T08:47:06Z\npaid-till:     2022-02-12T08:47:06Z\nfree-date:     2022-03-15\nsource:        TCI\n\nLast updated on 2020-12-15T18:01:30Z\n\n', 'whois_info': {'domain': 'XN--80AX.XN--P1AI', 'nserver 1': 'ns1.masterhost.ru.', 'nserver 2': 'ns2.masterhost.ru.', 'nserver 3': 'ns.masterhost.ru.', 'state': 'REGISTERED, DELEGATED, VERIFIED', 'org': 'AO "Grasis"', 'registrar': 'RD-RF', 'admin-contact': 'https://cp.mastername.ru/domain_feedback/', 'created': '2010-02-12T08:47:06Z', 'paid-till': '2022-02-12T08:47:06Z', 'free-date': '2022-03-15'}, 'http_info': 'code: 200, https: False', 'dns_info': {'TXT': 'None', 'CNAME': 'None', 'A': "['90.156.201.79', '90.156.201.38', '90.156.201.46', '90.156.201.13']", 'NS': "['ns.masterhost.ru.', 'ns2.masterhost.ru.', 'ns1.masterhost.ru.']", 'MX': 'None', 'AAAA': "['2a00:15f8:a000:5:1:13:2:4163', '2a00:15f8:a000:5:1:11:2:4163', '2a00:15f8:a000:5:1:14:2:4163', '2a00:15f8:a000:5:1:12:2:4163']"}}, 'reg.ru': {'whois_text': "% By submitting a query to RIPN's Whois Service\n% you agree to abide by the following terms of use:\n% http://www.ripn.net/about/servpol.html#3.2 (in Russian) \n% http://www.ripn.net/about/en/servpol.html#3.2 (in English).\n\ndomain:        REG.RU\nnserver:       ns1.reg.ru. 176.99.13.11, 176.99.13.13, 176.99.13.15, 176.99.13.17, 194.58.117.11, 194.58.117.13, 194.58.117.15, 194.58.117.17, 2a00:f940:4::47\nnserver:       ns2.reg.ru. 176.99.13.12, 176.99.13.14, 176.99.13.16, 176.99.13.18, 194.58.117.12, 194.58.117.14, 194.58.117.16, 194.58.117.18, 2a00:f940:5::190\nstate:         REGISTERED, DELEGATED, VERIFIED\norg:           Domain name registrar REG.RU Ltd.\nregistrar:     REGRU-RU\nadmin-contact: http://www.reg.ru/whois/admin_contact\ncreated:       2005-10-31T21:00:00Z\npaid-till:     2021-10-31T21:00:00Z\nfree-date:     2021-12-02\nsource:        TCI\n\nLast updated on 2020-12-15T18:01:30Z\n\n", 'whois_info': {'domain': 'REG.RU', 'nserver 1': 'ns1.reg.ru. 176.99.13.11, 176.99.13.13, 176.99.13.15, 176.99.13.17, 194.58.117.11, 194.58.117.13, 194.58.117.15, 194.58.117.17, 2a00:f940:4::47', 'nserver 2': 'ns2.reg.ru. 176.99.13.12, 176.99.13.14, 176.99.13.16, 176.99.13.18, 194.58.117.12, 194.58.117.14, 194.58.117.16, 194.58.117.18, 2a00:f940:5::190', 'state': 'REGISTERED, DELEGATED, VERIFIED', 'org': 'Domain name registrar REG.RU Ltd.', 'registrar': 'REGRU-RU', 'admin-contact': 'http://www.reg.ru/whois/admin_contact', 'created': '2005-10-31T21:00:00Z', 'paid-till': '2021-10-31T21:00:00Z', 'free-date': '2021-12-02'}, 'http_info': 'code: 200, https: True', 'dns_info': {'TXT': '[\'google-site-verification=iNCOGvgecL33MECdRd7KzXu_rvl2o7ndJtZtk5mL7dA\', \'_globalsign-domain-verification=gsVD170OuYciVMg_PWncq9FcQ_buNIHZrMewY7a0oZ\', \'google-site-verification=QqRtBwaD2VYUYhHYTwXcdLtu4n0WnLSYvbZGrqBSuAc\', \'v=spf1 ip4:87.242.73.97 ip4:151.248.124.12 ip4:31.31.204.0/24 ip4:194.58.116.0/24 ip4:31.31.205.0/24 ip4:89.208.17.22 ip4:151.248.124.12 ip4:95.213.135.163 ip4:89.108.89.3 ip6:2a00:f940:0:8000::2 include:aspmx.googlemail.com  include:__spf_opensrs.reg.ru " "include:__spf_publicdomainregistry.reg.ru ~all\', \'google-site-verification=T4VNp49mW_sdFhdRpJaLVqpX0tsxhvqE1muQIqn53XM\', \'google-site-verification=C2fqzBtaO7m79tR37QPhe2yx_Y35JFYtt6556Gmtt8I\', \'mailru-verification: dbe01c84e25720a0\']', 'CNAME': 'None', 'A': "['194.58.116.31']", 'NS': "['ns1.reg.ru.', 'ns2.reg.ru.']", 'MX': "['5 alt1.aspmx.l.google.com.', '10 aspmx3.googlemail.com.', '6 alt2.aspmx.l.google.com.', '9 aspmx2.googlemail.com.', '1 aspmx.l.google.com.']", 'AAAA': "['2a00:f940:4::8']"}}, 'мама.рф': {'whois_text': "% By submitting a query to RIPN's Whois Service\n% you agree to abide by the following terms of use:\n% http://www.ripn.net/about/servpol.html#3.2 (in Russian) \n% http://www.ripn.net/about/en/servpol.html#3.2 (in English).\n\ndomain:        XN--80AA8AB.XN--P1AI\nnserver:       ns3.nic.ru.\nnserver:       ns4.nic.ru.\nnserver:       ns8.nic.ru.\nstate:         REGISTERED, DELEGATED, VERIFIED\nperson:        Private Person\nregistrar:     RUCENTER-RF\nadmin-contact: https://www.nic.ru/whois\ncreated:       2009-12-10T09:13:53Z\npaid-till:     2021-12-10T09:13:53Z\nfree-date:     2022-01-10\nsource:        TCI\n\nLast updated on 2020-12-15T18:01:30Z\n\n", 'whois_info': {'domain': 'XN--80AA8AB.XN--P1AI', 'nserver 1': 'ns3.nic.ru.', 'nserver 2': 'ns4.nic.ru.', 'nserver 3': 'ns8.nic.ru.', 'state': 'REGISTERED, DELEGATED, VERIFIED', 'person': 'Private Person', 'registrar': 'RUCENTER-RF', 'admin-contact': 'https://www.nic.ru/whois', 'created': '2009-12-10T09:13:53Z', 'paid-till': '2021-12-10T09:13:53Z', 'free-date': '2022-01-10'}, 'http_info': 'GETTING_HTTP_INFO_ERROR', 'dns_info': 'GETTING_DNS_INFO_ERROR'}, 'маdfbма.рф': {'whois_text': "% By submitting a query to RIPN's Whois Service\n% you agree to abide by the following terms of use:\n% http://www.ripn.net/about/servpol.html#3.2 (in Russian) \n% http://www.ripn.net/about/en/servpol.html#3.2 (in English).\n\nNo entries found for the selected source(s).\n\nLast updated on 2020-12-15T18:01:30Z\n\n", 'whois_info': 'DOMAIN_NOT_REGISTRED', 'http_info': 'GETTING_HTTP_INFO_ERROR', 'dns_info': 'GETTING_DNS_INFO_ERROR'}, 'Invalid domain names': ['werqerw']}
2020-12-15 22:44:01,089 - DEBUG - logger_client - Запрос клиента: метод: get_all_info, домены: ['ма.рф', 'reg.ru', 'мама.рф', 'маdfbма.рф', 'werqerw'], use_cache: True. Ответ: {'ма.рф': {'whois_text': '% By submitting a query to RIPN\'s Whois Service\n% you agree to abide by the following terms of use:\n% http://www.ripn.net/about/servpol.html#3.2 (in Russian) \n% http://www.ripn.net/about/en/servpol.html#3.2 (in English).\n\ndomain:        XN--80AX.XN--P1AI\nnserver:       ns1.masterhost.ru.\nnserver:       ns2.masterhost.ru.\nnserver:       ns.masterhost.ru.\nstate:         REGISTERED, DELEGATED, VERIFIED\norg:           AO "Grasis"\nregistrar:     RD-RF\nadmin-contact: https://cp.mastername.ru/domain_feedback/\ncreated:       2010-02-12T08:47:06Z\npaid-till:     2022-02-12T08:47:06Z\nfree-date:     2022-03-15\nsource:        TCI\n\nLast updated on 2020-12-15T18:01:30Z\n\n', 'whois_info': {'domain': 'XN--80AX.XN--P1AI', 'nserver 1': 'ns1.masterhost.ru.', 'nserver 2': 'ns2.masterhost.ru.', 'nserver 3': 'ns.masterhost.ru.', 'state': 'REGISTERED, DELEGATED, VERIFIED', 'org': 'AO "Grasis"', 'registrar': 'RD-RF', 'admin-contact': 'https://cp.mastername.ru/domain_feedback/', 'created': '2010-02-12T08:47:06Z', 'paid-till': '2022-02-12T08:47:06Z', 'free-date': '2022-03-15'}, 'http_info': 'code: 200, https: False', 'dns_info': {'TXT': 'None', 'CNAME': 'None', 'A': "['90.156.201.79', '90.156.201.38', '90.156.201.46', '90.156.201.13']", 'NS': "['ns.masterhost.ru.', 'ns2.masterhost.ru.', 'ns1.masterhost.ru.']", 'MX': 'None', 'AAAA': "['2a00:15f8:a000:5:1:13:2:4163', '2a00:15f8:a000:5:1:11:2:4163', '2a00:15f8:a000:5:1:14:2:4163', '2a00:15f8:a000:5:1:12:2:4163']"}}, 'reg.ru': {'whois_text': "% By submitting a query to RIPN's Whois Service\n% you agree to abide by the following terms of use:\n% http://www.ripn.net/about/servpol.html#3.2 (in Russian) \n% http://www.ripn.net/about/en/servpol.html#3.2 (in English).\n\ndomain:        REG.RU\nnserver:       ns1.reg.ru. 176.99.13.11, 176.99.13.13, 176.99.13.15, 176.99.13.17, 194.58.117.11, 194.58.117.13, 194.58.117.15, 194.58.117.17, 2a00:f940:4::47\nnserver:       ns2.reg.ru. 176.99.13.12, 176.99.13.14, 176.99.13.16, 176.99.13.18, 194.58.117.12, 194.58.117.14, 194.58.117.16, 194.58.117.18, 2a00:f940:5::190\nstate:         REGISTERED, DELEGATED, VERIFIED\norg:           Domain name registrar REG.RU Ltd.\nregistrar:     REGRU-RU\nadmin-contact: http://www.reg.ru/whois/admin_contact\ncreated:       2005-10-31T21:00:00Z\npaid-till:     2021-10-31T21:00:00Z\nfree-date:     2021-12-02\nsource:        TCI\n\nLast updated on 2020-12-15T18:01:30Z\n\n", 'whois_info': {'domain': 'REG.RU', 'nserver 1': 'ns1.reg.ru. 176.99.13.11, 176.99.13.13, 176.99.13.15, 176.99.13.17, 194.58.117.11, 194.58.117.13, 194.58.117.15, 194.58.117.17, 2a00:f940:4::47', 'nserver 2': 'ns2.reg.ru. 176.99.13.12, 176.99.13.14, 176.99.13.16, 176.99.13.18, 194.58.117.12, 194.58.117.14, 194.58.117.16, 194.58.117.18, 2a00:f940:5::190', 'state': 'REGISTERED, DELEGATED, VERIFIED', 'org': 'Domain name registrar REG.RU Ltd.', 'registrar': 'REGRU-RU', 'admin-contact': 'http://www.reg.ru/whois/admin_contact', 'created': '2005-10-31T21:00:00Z', 'paid-till': '2021-10-31T21:00:00Z', 'free-date': '2021-12-02'}, 'http_info': 'code: 200, https: True', 'dns_info': {'TXT': '[\'google-site-verification=iNCOGvgecL33MECdRd7KzXu_rvl2o7ndJtZtk5mL7dA\', \'_globalsign-domain-verification=gsVD170OuYciVMg_PWncq9FcQ_buNIHZrMewY7a0oZ\', \'google-site-verification=QqRtBwaD2VYUYhHYTwXcdLtu4n0WnLSYvbZGrqBSuAc\', \'v=spf1 ip4:87.242.73.97 ip4:151.248.124.12 ip4:31.31.204.0/24 ip4:194.58.116.0/24 ip4:31.31.205.0/24 ip4:89.208.17.22 ip4:151.248.124.12 ip4:95.213.135.163 ip4:89.108.89.3 ip6:2a00:f940:0:8000::2 include:aspmx.googlemail.com  include:__spf_opensrs.reg.ru " "include:__spf_publicdomainregistry.reg.ru ~all\', \'google-site-verification=T4VNp49mW_sdFhdRpJaLVqpX0tsxhvqE1muQIqn53XM\', \'google-site-verification=C2fqzBtaO7m79tR37QPhe2yx_Y35JFYtt6556Gmtt8I\', \'mailru-verification: dbe01c84e25720a0\']', 'CNAME': 'None', 'A': "['194.58.116.31']", 'NS': "['ns1.reg.ru.', 'ns2.reg.ru.']", 'MX': "['5 alt1.aspmx.l.google.com.', '10 aspmx3.googlemail.com.', '6 alt2.aspmx.l.google.com.', '9 aspmx2.googlemail.com.', '1 aspmx.l.google.com.']", 'AAAA': "['2a00:f940:4::8']"}}, 'мама.рф': {'whois_text': "% By submitting a query to RIPN's Whois Service\n% you agree to abide by the following terms of use:\n% http://www.ripn.net/about/servpol.html#3.2 (in Russian) \n% http://www.ripn.net/about/en/servpol.html#3.2 (in English).\n\ndomain:        XN--80AA8AB.XN--P1AI\nnserver:       ns3.nic.ru.\nnserver:       ns4.nic.ru.\nnserver:       ns8.nic.ru.\nstate:         REGISTERED, DELEGATED, VERIFIED\nperson:        Private Person\nregistrar:     RUCENTER-RF\nadmin-contact: https://www.nic.ru/whois\ncreated:       2009-12-10T09:13:53Z\npaid-till:     2021-12-10T09:13:53Z\nfree-date:     2022-01-10\nsource:        TCI\n\nLast updated on 2020-12-15T18:01:30Z\n\n", 'whois_info': {'domain': 'XN--80AA8AB.XN--P1AI', 'nserver 1': 'ns3.nic.ru.', 'nserver 2': 'ns4.nic.ru.', 'nserver 3': 'ns8.nic.ru.', 'state': 'REGISTERED, DELEGATED, VERIFIED', 'person': 'Private Person', 'registrar': 'RUCENTER-RF', 'admin-contact': 'https://www.nic.ru/whois', 'created': '2009-12-10T09:13:53Z', 'paid-till': '2021-12-10T09:13:53Z', 'free-date': '2022-01-10'}, 'http_info': 'GETTING_HTTP_INFO_ERROR', 'dns_info': 'GETTING_DNS_INFO_ERROR'}, 'маdfbма.рф': {'whois_text': "% By submitting a query to RIPN's Whois Service\n% you agree to abide by the following terms of use:\n% http://www.ripn.net/about/servpol.html#3.2 (in Russian) \n% http://www.ripn.net/about/en/servpol.html#3.2 (in English).\n\nNo entries found for the selected source(s).\n\nLast updated on 2020-12-15T18:01:30Z\n\n", 'whois_info': 'DOMAIN_NOT_REGISTRED', 'http_info': 'GETTING_HTTP_INFO_ERROR', 'dns_info': 'GETTING_DNS_INFO_ERROR'}, 'Invalid domain names': ['werqerw']}
2020-12-15 22:45:23,842 - DEBUG - logger_client - Запрос клиента: метод: get_all_info, домены: ['ма.рф', 'reg.ru', 'мама.рф', 'маdfbма.рф', 'werqerw'], use_cache: True. Ответ: {'ма.рф': {'whois_text': '% By submitting a query to RIPN\'s Whois Service\n% you agree to abide by the following terms of use:\n% http://www.ripn.net/about/servpol.html#3.2 (in Russian) \n% http://www.ripn.net/about/en/servpol.html#3.2 (in English).\n\ndomain:        XN--80AX.XN--P1AI\nnserver:       ns1.masterhost.ru.\nnserver:       ns2.masterhost.ru.\nnserver:       ns.masterhost.ru.\nstate:         REGISTERED, DELEGATED, VERIFIED\norg:           AO "Grasis"\nregistrar:     RD-RF\nadmin-contact: https://cp.mastername.ru/domain_feedback/\ncreated:       2010-02-12T08:47:06Z\npaid-till:     2022-02-12T08:47:06Z\nfree-date:     2022-03-15\nsource:        TCI\n\nLast updated on 2020-12-15T18:01:30Z\n\n', 'whois_info': {'domain': 'XN--80AX.XN--P1AI', 'nserver 1': 'ns1.masterhost.ru.', 'nserver 2': 'ns2.masterhost.ru.', 'nserver 3': 'ns.masterhost.ru.', 'state': 'REGISTERED, DELEGATED, VERIFIED', 'org': 'AO "Grasis"', 'registrar': 'RD-RF', 'admin-contact': 'https://cp.mastername.ru/domain_feedback/', 'created': '2010-02-12T08:47:06Z', 'paid-till': '2022-02-12T08:47:06Z', 'free-date': '2022-03-15'}, 'http_info': 'code: 200, https: False', 'dns_info': {'TXT': 'None', 'CNAME': 'None', 'A': "['90.156.201.79', '90.156.201.38', '90.156.201.46', '90.156.201.13']", 'NS': "['ns.masterhost.ru.', 'ns2.masterhost.ru.', 'ns1.masterhost.ru.']", 'MX': 'None', 'AAAA': "['2a00:15f8:a000:5:1:13:2:4163', '2a00:15f8:a000:5:1:11:2:4163', '2a00:15f8:a000:5:1:14:2:4163', '2a00:15f8:a000:5:1:12:2:4163']"}}, 'reg.ru': {'whois_text': "% By submitting a query to RIPN's Whois Service\n% you agree to abide by the following terms of use:\n% http://www.ripn.net/about/servpol.html#3.2 (in Russian) \n% http://www.ripn.net/about/en/servpol.html#3.2 (in English).\n\ndomain:        REG.RU\nnserver:       ns1.reg.ru. 176.99.13.11, 176.99.13.13, 176.99.13.15, 176.99.13.17, 194.58.117.11, 194.58.117.13, 194.58.117.15, 194.58.117.17, 2a00:f940:4::47\nnserver:       ns2.reg.ru. 176.99.13.12, 176.99.13.14, 176.99.13.16, 176.99.13.18, 194.58.117.12, 194.58.117.14, 194.58.117.16, 194.58.117.18, 2a00:f940:5::190\nstate:         REGISTERED, DELEGATED, VERIFIED\norg:           Domain name registrar REG.RU Ltd.\nregistrar:     REGRU-RU\nadmin-contact: http://www.reg.ru/whois/admin_contact\ncreated:       2005-10-31T21:00:00Z\npaid-till:     2021-10-31T21:00:00Z\nfree-date:     2021-12-02\nsource:        TCI\n\nLast updated on 2020-12-15T18:01:30Z\n\n", 'whois_info': {'domain': 'REG.RU', 'nserver 1': 'ns1.reg.ru. 176.99.13.11, 176.99.13.13, 176.99.13.15, 176.99.13.17, 194.58.117.11, 194.58.117.13, 194.58.117.15, 194.58.117.17, 2a00:f940:4::47', 'nserver 2': 'ns2.reg.ru. 176.99.13.12, 176.99.13.14, 176.99.13.16, 176.99.13.18, 194.58.117.12, 194.58.117.14, 194.58.117.16, 194.58.117.18, 2a00:f940:5::190', 'state': 'REGISTERED, DELEGATED, VERIFIED', 'org': 'Domain name registrar REG.RU Ltd.', 'registrar': 'REGRU-RU', 'admin-contact': 'http://www.reg.ru/whois/admin_contact', 'created': '2005-10-31T21:00:00Z', 'paid-till': '2021-10-31T21:00:00Z', 'free-date': '2021-12-02'}, 'http_info': 'code: 200, https: True', 'dns_info': {'TXT': '[\'google-site-verification=iNCOGvgecL33MECdRd7KzXu_rvl2o7ndJtZtk5mL7dA\', \'_globalsign-domain-verification=gsVD170OuYciVMg_PWncq9FcQ_buNIHZrMewY7a0oZ\', \'google-site-verification=QqRtBwaD2VYUYhHYTwXcdLtu4n0WnLSYvbZGrqBSuAc\', \'v=spf1 ip4:87.242.73.97 ip4:151.248.124.12 ip4:31.31.204.0/24 ip4:194.58.116.0/24 ip4:31.31.205.0/24 ip4:89.208.17.22 ip4:151.248.124.12 ip4:95.213.135.163 ip4:89.108.89.3 ip6:2a00:f940:0:8000::2 include:aspmx.googlemail.com  include:__spf_opensrs.reg.ru " "include:__spf_publicdomainregistry.reg.ru ~all\', \'google-site-verification=T4VNp49mW_sdFhdRpJaLVqpX0tsxhvqE1muQIqn53XM\', \'google-site-verification=C2fqzBtaO7m79tR37QPhe2yx_Y35JFYtt6556Gmtt8I\', \'mailru-verification: dbe01c84e25720a0\']', 'CNAME': 'None', 'A': "['194.58.116.31']", 'NS': "['ns1.reg.ru.', 'ns2.reg.ru.']", 'MX': "['5 alt1.aspmx.l.google.com.', '10 aspmx3.googlemail.com.', '6 alt2.aspmx.l.google.com.', '9 aspmx2.googlemail.com.', '1 aspmx.l.google.com.']", 'AAAA': "['2a00:f940:4::8']"}}, 'мама.рф': {'whois_text': "% By submitting a query to RIPN's Whois Service\n% you agree to abide by the following terms of use:\n% http://www.ripn.net/about/servpol.html#3.2 (in Russian) \n% http://www.ripn.net/about/en/servpol.html#3.2 (in English).\n\ndomain:        XN--80AA8AB.XN--P1AI\nnserver:       ns3.nic.ru.\nnserver:       ns4.nic.ru.\nnserver:       ns8.nic.ru.\nstate:         REGISTERED, DELEGATED, VERIFIED\nperson:        Private Person\nregistrar:     RUCENTER-RF\nadmin-contact: https://www.nic.ru/whois\ncreated:       2009-12-10T09:13:53Z\npaid-till:     2021-12-10T09:13:53Z\nfree-date:     2022-01-10\nsource:        TCI\n\nLast updated on 2020-12-15T18:01:30Z\n\n", 'whois_info': {'domain': 'XN--80AA8AB.XN--P1AI', 'nserver 1': 'ns3.nic.ru.', 'nserver 2': 'ns4.nic.ru.', 'nserver 3': 'ns8.nic.ru.', 'state': 'REGISTERED, DELEGATED, VERIFIED', 'person': 'Private Person', 'registrar': 'RUCENTER-RF', 'admin-contact': 'https://www.nic.ru/whois', 'created': '2009-12-10T09:13:53Z', 'paid-till': '2021-12-10T09:13:53Z', 'free-date': '2022-01-10'}, 'http_info': 'GETTING_HTTP_INFO_ERROR', 'dns_info': 'GETTING_DNS_INFO_ERROR'}, 'маdfbма.рф': {'whois_text': "% By submitting a query to RIPN's Whois Service\n% you agree to abide by the following terms of use:\n% http://www.ripn.net/about/servpol.html#3.2 (in Russian) \n% http://www.ripn.net/about/en/servpol.html#3.2 (in English).\n\nNo entries found for the selected source(s).\n\nLast updated on 2020-12-15T18:01:30Z\n\n", 'whois_info': 'DOMAIN_NOT_REGISTRED', 'http_info': 'GETTING_HTTP_INFO_ERROR', 'dns_info': 'GETTING_DNS_INFO_ERROR'}, 'Invalid domain names': ['werqerw']}
2020-12-16 14:20:32,206 - DEBUG - logger_client - Запрос клиента: метод: get_all_info, домены: ['ма.рф', 'reg.ru', 'мама.рф', 'маdfbма.рф', 'werqerw'], use_cache: True. Ответ: {'ма.рф': {'whois_text': '% By submitting a query to RIPN\'s Whois Service\n% you agree to abide by the following terms of use:\n% http://www.ripn.net/about/servpol.html#3.2 (in Russian) \n% http://www.ripn.net/about/en/servpol.html#3.2 (in English).\n\ndomain:        XN--80AX.XN--P1AI\nnserver:       ns1.masterhost.ru.\nnserver:       ns2.masterhost.ru.\nnserver:       ns.masterhost.ru.\nstate:         REGISTERED, DELEGATED, VERIFIED\norg:           AO "Grasis"\nregistrar:     RD-RF\nadmin-contact: https://cp.mastername.ru/domain_feedback/\ncreated:       2010-02-12T08:47:06Z\npaid-till:     2022-02-12T08:47:06Z\nfree-date:     2022-03-15\nsource:        TCI\n\nLast updated on 2020-12-16T10:16:35Z\n\n', 'whois_info': {'domain': 'XN--80AX.XN--P1AI', 'nserver 1': 'ns1.masterhost.ru.', 'nserver 2': 'ns2.masterhost.ru.', 'nserver 3': 'ns.masterhost.ru.', 'state': 'REGISTERED, DELEGATED, VERIFIED', 'org': 'AO "Grasis"', 'registrar': 'RD-RF', 'admin-contact': 'https://cp.mastername.ru/domain_feedback/', 'created': '2010-02-12T08:47:06Z', 'paid-till': '2022-02-12T08:47:06Z', 'free-date': '2022-03-15'}, 'http_info': 'code: 200, https: False', 'dns_info': {'A': ['90.156.201.38', '90.156.201.79', '90.156.201.46', '90.156.201.13'], 'AAAA': ['2a00:15f8:a000:5:1:12:2:4163', '2a00:15f8:a000:5:1:14:2:4163', '2a00:15f8:a000:5:1:13:2:4163', '2a00:15f8:a000:5:1:11:2:4163'], 'NS': ['ns2.masterhost.ru.', 'ns.masterhost.ru.', 'ns1.masterhost.ru.'], 'TXT': None, 'MX': None, 'CNAME': None}}, 'reg.ru': {'whois_text': "% By submitting a query to RIPN's Whois Service\n% you agree to abide by the following terms of use:\n% http://www.ripn.net/about/servpol.html#3.2 (in Russian) \n% http://www.ripn.net/about/en/servpol.html#3.2 (in English).\n\ndomain:        REG.RU\nnserver:       ns1.reg.ru. 176.99.13.11, 176.99.13.13, 176.99.13.15, 176.99.13.17, 194.58.117.11, 194.58.117.13, 194.58.117.15, 194.58.117.17, 2a00:f940:4::47\nnserver:       ns2.reg.ru. 176.99.13.12, 176.99.13.14, 176.99.13.16, 176.99.13.18, 194.58.117.12, 194.58.117.14, 194.58.117.16, 194.58.117.18, 2a00:f940:5::190\nstate:         REGISTERED, DELEGATED, VERIFIED\norg:           Domain name registrar REG.RU Ltd.\nregistrar:     REGRU-RU\nadmin-contact: http://www.reg.ru/whois/admin_contact\ncreated:       2005-10-31T21:00:00Z\npaid-till:     2021-10-31T21:00:00Z\nfree-date:     2021-12-02\nsource:        TCI\n\nLast updated on 2020-12-16T10:16:35Z\n\n", 'whois_info': {'domain': 'REG.RU', 'nserver 1': 'ns1.reg.ru. 176.99.13.11, 176.99.13.13, 176.99.13.15, 176.99.13.17, 194.58.117.11, 194.58.117.13, 194.58.117.15, 194.58.117.17, 2a00:f940:4::47', 'nserver 2': 'ns2.reg.ru. 176.99.13.12, 176.99.13.14, 176.99.13.16, 176.99.13.18, 194.58.117.12, 194.58.117.14, 194.58.117.16, 194.58.117.18, 2a00:f940:5::190', 'state': 'REGISTERED, DELEGATED, VERIFIED', 'org': 'Domain name registrar REG.RU Ltd.', 'registrar': 'REGRU-RU', 'admin-contact': 'http://www.reg.ru/whois/admin_contact', 'created': '2005-10-31T21:00:00Z', 'paid-till': '2021-10-31T21:00:00Z', 'free-date': '2021-12-02'}, 'http_info': 'code: 200, https: True', 'dns_info': {'A': ['194.58.116.31'], 'AAAA': ['2a00:f940:4::8'], 'NS': ['ns1.reg.ru.', 'ns2.reg.ru.'], 'TXT': ['mailru-verification: dbe01c84e25720a0', 'google-site-verification=C2fqzBtaO7m79tR37QPhe2yx_Y35JFYtt6556Gmtt8I', 'google-site-verification=QqRtBwaD2VYUYhHYTwXcdLtu4n0WnLSYvbZGrqBSuAc', 'google-site-verification=T4VNp49mW_sdFhdRpJaLVqpX0tsxhvqE1muQIqn53XM', 'google-site-verification=iNCOGvgecL33MECdRd7KzXu_rvl2o7ndJtZtk5mL7dA', '_globalsign-domain-verification=gsVD170OuYciVMg_PWncq9FcQ_buNIHZrMewY7a0oZ', 'v=spf1 ip4:87.242.73.97 ip4:151.248.124.12 ip4:31.31.204.0/24 ip4:194.58.116.0/24 ip4:31.31.205.0/24 ip4:89.208.17.22 ip4:151.248.124.12 ip4:95.213.135.163 ip4:89.108.89.3 ip6:2a00:f940:0:8000::2 include:aspmx.googlemail.com  include:__spf_opensrs.reg.ru " "include:__spf_publicdomainregistry.reg.ru ~all'], 'MX': ['1 aspmx.l.google.com.', '5 alt1.aspmx.l.google.com.', '6 alt2.aspmx.l.google.com.', '9 aspmx2.googlemail.com.', '10 aspmx3.googlemail.com.'], 'CNAME': None}}, 'мама.рф': {'whois_text': "% By submitting a query to RIPN's Whois Service\n% you agree to abide by the following terms of use:\n% http://www.ripn.net/about/servpol.html#3.2 (in Russian) \n% http://www.ripn.net/about/en/servpol.html#3.2 (in English).\n\ndomain:        XN--80AA8AB.XN--P1AI\nnserver:       ns3.nic.ru.\nnserver:       ns4.nic.ru.\nnserver:       ns8.nic.ru.\nstate:         REGISTERED, DELEGATED, VERIFIED\nperson:        Private Person\nregistrar:     RUCENTER-RF\nadmin-contact: https://www.nic.ru/whois\ncreated:       2009-12-10T09:13:53Z\npaid-till:     2021-12-10T09:13:53Z\nfree-date:     2022-01-10\nsource:        TCI\n\nLast updated on 2020-12-16T10:16:35Z\n\n", 'whois_info': {'domain': 'XN--80AA8AB.XN--P1AI', 'nserver 1': 'ns3.nic.ru.', 'nserver 2': 'ns4.nic.ru.', 'nserver 3': 'ns8.nic.ru.', 'state': 'REGISTERED, DELEGATED, VERIFIED', 'person': 'Private Person', 'registrar': 'RUCENTER-RF', 'admin-contact': 'https://www.nic.ru/whois', 'created': '2009-12-10T09:13:53Z', 'paid-till': '2021-12-10T09:13:53Z', 'free-date': '2022-01-10'}, 'http_info': 'GETTING_HTTP_INFO_ERROR', 'dns_info': 'GETTING_DNS_INFO_ERROR'}, 'маdfbма.рф': {'whois_text': "% By submitting a query to RIPN's Whois Service\n% you agree to abide by the following terms of use:\n% http://www.ripn.net/about/servpol.html#3.2 (in Russian) \n% http://www.ripn.net/about/en/servpol.html#3.2 (in English).\n\nNo entries found for the selected source(s).\n\nLast updated on 2020-12-16T10:16:35Z\n\n", 'whois_info': 'DOMAIN_NOT_REGISTRED', 'http_info': 'GETTING_HTTP_INFO_ERROR', 'dns_info': 'GETTING_DNS_INFO_ERROR'}, 'Invalid domain names': ['werqerw']}
2020-12-16 23:26:52,758 - DEBUG - logger_client - Запрос клиента: метод: get_all_info, домены: ['ма.рф', 'reg.ru', 'мама.рф', 'маdfbма.рф', 'werqerw'], use_cache: True. Ответ: {'ма.рф': {'whois_text': '% By submitting a query to RIPN\'s Whois Service\n% you agree to abide by the following terms of use:\n% http://www.ripn.net/about/servpol.html#3.2 (in Russian) \n% http://www.ripn.net/about/en/servpol.html#3.2 (in English).\n\ndomain:        XN--80AX.XN--P1AI\nnserver:       ns1.masterhost.ru.\nnserver:       ns2.masterhost.ru.\nnserver:       ns.masterhost.ru.\nstate:         REGISTERED, DELEGATED, VERIFIED\norg:           AO "Grasis"\nregistrar:     RD-RF\nadmin-contact: https://cp.mastername.ru/domain_feedback/\ncreated:       2010-02-12T08:47:06Z\npaid-till:     2022-02-12T08:47:06Z\nfree-date:     2022-03-15\nsource:        TCI\n\nLast updated on 2020-12-16T19:26:31Z\n\n', 'whois_info': {'domain': 'XN--80AX.XN--P1AI', 'nserver 1': 'ns1.masterhost.ru.', 'nserver 2': 'ns2.masterhost.ru.', 'nserver 3': 'ns.masterhost.ru.', 'state': 'REGISTERED, DELEGATED, VERIFIED', 'org': 'AO "Grasis"', 'registrar': 'RD-RF', 'admin-contact': 'https://cp.mastername.ru/domain_feedback/', 'created': '2010-02-12T08:47:06Z', 'paid-till': '2022-02-12T08:47:06Z', 'free-date': '2022-03-15'}, 'http_info': 'code: 200, https: False', 'dns_info': {'A': ['90.156.201.46', '90.156.201.13', '90.156.201.38', '90.156.201.79'], 'AAAA': ['2a00:15f8:a000:5:1:11:2:4163', '2a00:15f8:a000:5:1:13:2:4163', '2a00:15f8:a000:5:1:14:2:4163', '2a00:15f8:a000:5:1:12:2:4163'], 'NS': ['ns2.masterhost.ru.', 'ns.masterhost.ru.', 'ns1.masterhost.ru.'], 'TXT': None, 'MX': None, 'CNAME': None}}, 'reg.ru': {'whois_text': "% By submitting a query to RIPN's Whois Service\n% you agree to abide by the following terms of use:\n% http://www.ripn.net/about/servpol.html#3.2 (in Russian) \n% http://www.ripn.net/about/en/servpol.html#3.2 (in English).\n\ndomain:        REG.RU\nnserver:       ns1.reg.ru. 176.99.13.11, 176.99.13.13, 176.99.13.15, 176.99.13.17, 194.58.117.11, 194.58.117.13, 194.58.117.15, 194.58.117.17, 2a00:f940:4::47\nnserver:       ns2.reg.ru. 176.99.13.12, 176.99.13.14, 176.99.13.16, 176.99.13.18, 194.58.117.12, 194.58.117.14, 194.58.117.16, 194.58.117.18, 2a00:f940:5::190\nstate:         REGISTERED, DELEGATED, VERIFIED\norg:           Domain name registrar REG.RU Ltd.\nregistrar:     REGRU-RU\nadmin-contact: http://www.reg.ru/whois/admin_contact\ncreated:       2005-10-31T21:00:00Z\npaid-till:     2021-10-31T21:00:00Z\nfree-date:     2021-12-02\nsource:        TCI\n\nLast updated on 2020-12-16T19:26:31Z\n\n", 'whois_info': {'domain': 'REG.RU', 'nserver 1': 'ns1.reg.ru. 176.99.13.11, 176.99.13.13, 176.99.13.15, 176.99.13.17, 194.58.117.11, 194.58.117.13, 194.58.117.15, 194.58.117.17, 2a00:f940:4::47', 'nserver 2': 'ns2.reg.ru. 176.99.13.12, 176.99.13.14, 176.99.13.16, 176.99.13.18, 194.58.117.12, 194.58.117.14, 194.58.117.16, 194.58.117.18, 2a00:f940:5::190', 'state': 'REGISTERED, DELEGATED, VERIFIED', 'org': 'Domain name registrar REG.RU Ltd.', 'registrar': 'REGRU-RU', 'admin-contact': 'http://www.reg.ru/whois/admin_contact', 'created': '2005-10-31T21:00:00Z', 'paid-till': '2021-10-31T21:00:00Z', 'free-date': '2021-12-02'}, 'http_info': 'code: 200, https: True', 'dns_info': {'A': ['194.58.116.31'], 'AAAA': ['2a00:f940:4::8'], 'NS': ['ns2.reg.ru.', 'ns1.reg.ru.'], 'TXT': ['google-site-verification=C2fqzBtaO7m79tR37QPhe2yx_Y35JFYtt6556Gmtt8I', 'google-site-verification=T4VNp49mW_sdFhdRpJaLVqpX0tsxhvqE1muQIqn53XM', '_globalsign-domain-verification=gsVD170OuYciVMg_PWncq9FcQ_buNIHZrMewY7a0oZ', 'google-site-verification=iNCOGvgecL33MECdRd7KzXu_rvl2o7ndJtZtk5mL7dA', 'v=spf1 ip4:87.242.73.97 ip4:151.248.124.12 ip4:31.31.204.0/24 ip4:194.58.116.0/24 ip4:31.31.205.0/24 ip4:89.208.17.22 ip4:151.248.124.12 ip4:95.213.135.163 ip4:89.108.89.3 ip6:2a00:f940:0:8000::2 include:aspmx.googlemail.com  include:__spf_opensrs.reg.ru " "include:__spf_publicdomainregistry.reg.ru ~all', 'mailru-verification: dbe01c84e25720a0', 'google-site-verification=QqRtBwaD2VYUYhHYTwXcdLtu4n0WnLSYvbZGrqBSuAc'], 'MX': ['10 aspmx3.googlemail.com.', '1 aspmx.l.google.com.', '9 aspmx2.googlemail.com.', '5 alt1.aspmx.l.google.com.', '6 alt2.aspmx.l.google.com.'], 'CNAME': None}}, 'мама.рф': {'whois_text': "% By submitting a query to RIPN's Whois Service\n% you agree to abide by the following terms of use:\n% http://www.ripn.net/about/servpol.html#3.2 (in Russian) \n% http://www.ripn.net/about/en/servpol.html#3.2 (in English).\n\ndomain:        XN--80AA8AB.XN--P1AI\nnserver:       ns3.nic.ru.\nnserver:       ns4.nic.ru.\nnserver:       ns8.nic.ru.\nstate:         REGISTERED, DELEGATED, VERIFIED\nperson:        Private Person\nregistrar:     RUCENTER-RF\nadmin-contact: https://www.nic.ru/whois\ncreated:       2009-12-10T09:13:53Z\npaid-till:     2021-12-10T09:13:53Z\nfree-date:     2022-01-10\nsource:        TCI\n\nLast updated on 2020-12-16T19:26:31Z\n\n", 'whois_info': {'domain': 'XN--80AA8AB.XN--P1AI', 'nserver 1': 'ns3.nic.ru.', 'nserver 2': 'ns4.nic.ru.', 'nserver 3': 'ns8.nic.ru.', 'state': 'REGISTERED, DELEGATED, VERIFIED', 'person': 'Private Person', 'registrar': 'RUCENTER-RF', 'admin-contact': 'https://www.nic.ru/whois', 'created': '2009-12-10T09:13:53Z', 'paid-till': '2021-12-10T09:13:53Z', 'free-date': '2022-01-10'}, 'http_info': 'GETTING_HTTP_INFO_ERROR', 'dns_info': 'GETTING_DNS_INFO_ERROR'}, 'маdfbма.рф': {'whois_text': "% By submitting a query to RIPN's Whois Service\n% you agree to abide by the following terms of use:\n% http://www.ripn.net/about/servpol.html#3.2 (in Russian) \n% http://www.ripn.net/about/en/servpol.html#3.2 (in English).\n\nNo entries found for the selected source(s).\n\nLast updated on 2020-12-16T19:26:31Z\n\n", 'whois_info': 'DOMAIN_NOT_REGISTRED', 'http_info': 'GETTING_HTTP_INFO_ERROR', 'dns_info': 'GETTING_DNS_INFO_ERROR'}, 'Invalid domain names': ['werqerw']}
2020-12-17 00:05:26,864 - DEBUG - logger_client - Запрос клиента: метод: get_whois_info, домены: ['ма.рф', 'reg.ru', 'мама.рф', 'маdfbма.рф', 'werqerw'], use_cache: True. Ответ: {'ма.рф': {'domain': 'XN--80AX.XN--P1AI', 'nserver 1': 'ns1.masterhost.ru.', 'nserver 2': 'ns2.masterhost.ru.', 'nserver 3': 'ns.masterhost.ru.', 'state': 'REGISTERED, DELEGATED, VERIFIED', 'org': 'AO "Grasis"', 'registrar': 'RD-RF', 'admin-contact': 'https://cp.mastername.ru/domain_feedback/', 'created': '2010-02-12T08:47:06Z', 'paid-till': '2022-02-12T08:47:06Z', 'free-date': '2022-03-15'}, 'reg.ru': {'domain': 'REG.RU', 'nserver 1': 'ns1.reg.ru. 176.99.13.11, 176.99.13.13, 176.99.13.15, 176.99.13.17, 194.58.117.11, 194.58.117.13, 194.58.117.15, 194.58.117.17, 2a00:f940:4::47', 'nserver 2': 'ns2.reg.ru. 176.99.13.12, 176.99.13.14, 176.99.13.16, 176.99.13.18, 194.58.117.12, 194.58.117.14, 194.58.117.16, 194.58.117.18, 2a00:f940:5::190', 'state': 'REGISTERED, DELEGATED, VERIFIED', 'org': 'Domain name registrar REG.RU Ltd.', 'registrar': 'REGRU-RU', 'admin-contact': 'http://www.reg.ru/whois/admin_contact', 'created': '2005-10-31T21:00:00Z', 'paid-till': '2021-10-31T21:00:00Z', 'free-date': '2021-12-02'}, 'мама.рф': {'domain': 'XN--80AA8AB.XN--P1AI', 'nserver 1': 'ns3.nic.ru.', 'nserver 2': 'ns4.nic.ru.', 'nserver 3': 'ns8.nic.ru.', 'state': 'REGISTERED, DELEGATED, VERIFIED', 'person': 'Private Person', 'registrar': 'RUCENTER-RF', 'admin-contact': 'https://www.nic.ru/whois', 'created': '2009-12-10T09:13:53Z', 'paid-till': '2021-12-10T09:13:53Z', 'free-date': '2022-01-10'}, 'маdfbма.рф': 'DOMAIN_NOT_REGISTRED', 'Invalid domain names': ['werqerw']}
2020-12-17 00:05:34,268 - DEBUG - logger_client - Запрос клиента: метод: get_all_info, домены: ['ма.рф', 'reg.ru', 'мама.рф', 'маdfbма.рф', 'werqerw'], use_cache: True. Ответ: {'ма.рф': {'whois_text': '% By submitting a query to RIPN\'s Whois Service\n% you agree to abide by the following terms of use:\n% http://www.ripn.net/about/servpol.html#3.2 (in Russian) \n% http://www.ripn.net/about/en/servpol.html#3.2 (in English).\n\ndomain:        XN--80AX.XN--P1AI\nnserver:       ns1.masterhost.ru.\nnserver:       ns2.masterhost.ru.\nnserver:       ns.masterhost.ru.\nstate:         REGISTERED, DELEGATED, VERIFIED\norg:           AO "Grasis"\nregistrar:     RD-RF\nadmin-contact: https://cp.mastername.ru/domain_feedback/\ncreated:       2010-02-12T08:47:06Z\npaid-till:     2022-02-12T08:47:06Z\nfree-date:     2022-03-15\nsource:        TCI\n\nLast updated on 2020-12-16T19:26:31Z\n\n', 'whois_info': {'domain': 'XN--80AX.XN--P1AI', 'nserver 1': 'ns1.masterhost.ru.', 'nserver 2': 'ns2.masterhost.ru.', 'nserver 3': 'ns.masterhost.ru.', 'state': 'REGISTERED, DELEGATED, VERIFIED', 'org': 'AO "Grasis"', 'registrar': 'RD-RF', 'admin-contact': 'https://cp.mastername.ru/domain_feedback/', 'created': '2010-02-12T08:47:06Z', 'paid-till': '2022-02-12T08:47:06Z', 'free-date': '2022-03-15'}, 'http_info': 'code: 200, https: False', 'dns_info': {'A': "['90.156.201.46', '90.156.201.13', '90.156.201.38', '90.156.201.79']", 'AAAA': "['2a00:15f8:a000:5:1:11:2:4163', '2a00:15f8:a000:5:1:13:2:4163', '2a00:15f8:a000:5:1:14:2:4163', '2a00:15f8:a000:5:1:12:2:4163']", 'NS': "['ns2.masterhost.ru.', 'ns.masterhost.ru.', 'ns1.masterhost.ru.']", 'CNAME': 'None', 'MX': 'None', 'TXT': 'None'}}, 'reg.ru': {'whois_text': "% By submitting a query to RIPN's Whois Service\n% you agree to abide by the following terms of use:\n% http://www.ripn.net/about/servpol.html#3.2 (in Russian) \n% http://www.ripn.net/about/en/servpol.html#3.2 (in English).\n\ndomain:        REG.RU\nnserver:       ns1.reg.ru. 176.99.13.11, 176.99.13.13, 176.99.13.15, 176.99.13.17, 194.58.117.11, 194.58.117.13, 194.58.117.15, 194.58.117.17, 2a00:f940:4::47\nnserver:       ns2.reg.ru. 176.99.13.12, 176.99.13.14, 176.99.13.16, 176.99.13.18, 194.58.117.12, 194.58.117.14, 194.58.117.16, 194.58.117.18, 2a00:f940:5::190\nstate:         REGISTERED, DELEGATED, VERIFIED\norg:           Domain name registrar REG.RU Ltd.\nregistrar:     REGRU-RU\nadmin-contact: http://www.reg.ru/whois/admin_contact\ncreated:       2005-10-31T21:00:00Z\npaid-till:     2021-10-31T21:00:00Z\nfree-date:     2021-12-02\nsource:        TCI\n\nLast updated on 2020-12-16T19:26:31Z\n\n", 'whois_info': {'domain': 'REG.RU', 'nserver 1': 'ns1.reg.ru. 176.99.13.11, 176.99.13.13, 176.99.13.15, 176.99.13.17, 194.58.117.11, 194.58.117.13, 194.58.117.15, 194.58.117.17, 2a00:f940:4::47', 'nserver 2': 'ns2.reg.ru. 176.99.13.12, 176.99.13.14, 176.99.13.16, 176.99.13.18, 194.58.117.12, 194.58.117.14, 194.58.117.16, 194.58.117.18, 2a00:f940:5::190', 'state': 'REGISTERED, DELEGATED, VERIFIED', 'org': 'Domain name registrar REG.RU Ltd.', 'registrar': 'REGRU-RU', 'admin-contact': 'http://www.reg.ru/whois/admin_contact', 'created': '2005-10-31T21:00:00Z', 'paid-till': '2021-10-31T21:00:00Z', 'free-date': '2021-12-02'}, 'http_info': 'code: 200, https: True', 'dns_info': {'A': "['194.58.116.31']", 'AAAA': "['2a00:f940:4::8']", 'NS': "['ns2.reg.ru.', 'ns1.reg.ru.']", 'CNAME': 'None', 'MX': "['10 aspmx3.googlemail.com.', '1 aspmx.l.google.com.', '9 aspmx2.googlemail.com.', '5 alt1.aspmx.l.google.com.', '6 alt2.aspmx.l.google.com.']", 'TXT': '[\'google-site-verification=C2fqzBtaO7m79tR37QPhe2yx_Y35JFYtt6556Gmtt8I\', \'google-site-verification=T4VNp49mW_sdFhdRpJaLVqpX0tsxhvqE1muQIqn53XM\', \'_globalsign-domain-verification=gsVD170OuYciVMg_PWncq9FcQ_buNIHZrMewY7a0oZ\', \'google-site-verification=iNCOGvgecL33MECdRd7KzXu_rvl2o7ndJtZtk5mL7dA\', \'v=spf1 ip4:87.242.73.97 ip4:151.248.124.12 ip4:31.31.204.0/24 ip4:194.58.116.0/24 ip4:31.31.205.0/24 ip4:89.208.17.22 ip4:151.248.124.12 ip4:95.213.135.163 ip4:89.108.89.3 ip6:2a00:f940:0:8000::2 include:aspmx.googlemail.com  include:__spf_opensrs.reg.ru " "include:__spf_publicdomainregistry.reg.ru ~all\', \'mailru-verification: dbe01c84e25720a0\', \'google-site-verification=QqRtBwaD2VYUYhHYTwXcdLtu4n0WnLSYvbZGrqBSuAc\']'}}, 'мама.рф': {'whois_text': "% By submitting a query to RIPN's Whois Service\n% you agree to abide by the following terms of use:\n% http://www.ripn.net/about/servpol.html#3.2 (in Russian) \n% http://www.ripn.net/about/en/servpol.html#3.2 (in English).\n\ndomain:        XN--80AA8AB.XN--P1AI\nnserver:       ns3.nic.ru.\nnserver:       ns4.nic.ru.\nnserver:       ns8.nic.ru.\nstate:         REGISTERED, DELEGATED, VERIFIED\nperson:        Private Person\nregistrar:     RUCENTER-RF\nadmin-contact: https://www.nic.ru/whois\ncreated:       2009-12-10T09:13:53Z\npaid-till:     2021-12-10T09:13:53Z\nfree-date:     2022-01-10\nsource:        TCI\n\nLast updated on 2020-12-16T19:26:31Z\n\n", 'whois_info': {'domain': 'XN--80AA8AB.XN--P1AI', 'nserver 1': 'ns3.nic.ru.', 'nserver 2': 'ns4.nic.ru.', 'nserver 3': 'ns8.nic.ru.', 'state': 'REGISTERED, DELEGATED, VERIFIED', 'person': 'Private Person', 'registrar': 'RUCENTER-RF', 'admin-contact': 'https://www.nic.ru/whois', 'created': '2009-12-10T09:13:53Z', 'paid-till': '2021-12-10T09:13:53Z', 'free-date': '2022-01-10'}, 'http_info': 'GETTING_HTTP_INFO_ERROR', 'dns_info': 'GETTING_DNS_INFO_ERROR'}, 'маdfbма.рф': {'whois_text': "% By submitting a query to RIPN's Whois Service\n% you agree to abide by the following terms of use:\n% http://www.ripn.net/about/servpol.html#3.2 (in Russian) \n% http://www.ripn.net/about/en/servpol.html#3.2 (in English).\n\nNo entries found for the selected source(s).\n\nLast updated on 2020-12-16T19:26:31Z\n\n", 'whois_info': 'DOMAIN_NOT_REGISTRED', 'http_info': 'GETTING_HTTP_INFO_ERROR', 'dns_info': 'GETTING_DNS_INFO_ERROR'}, 'Invalid domain names': ['werqerw']}
2020-12-17 00:59:51,397 - DEBUG - logger_client - Запрос клиента: метод: get_all_info, домены: ['ма.рф', 'reg.ru', 'мама.рф', 'маdfbма.рф', 'werqerw'], use_cache: True. Ответ: {'ма.рф': {'whois_text': '% By submitting a query to RIPN\'s Whois Service\n% you agree to abide by the following terms of use:\n% http://www.ripn.net/about/servpol.html#3.2 (in Russian) \n% http://www.ripn.net/about/en/servpol.html#3.2 (in English).\n\ndomain:        XN--80AX.XN--P1AI\nnserver:       ns1.masterhost.ru.\nnserver:       ns2.masterhost.ru.\nnserver:       ns.masterhost.ru.\nstate:         REGISTERED, DELEGATED, VERIFIED\norg:           AO "Grasis"\nregistrar:     RD-RF\nadmin-contact: https://cp.mastername.ru/domain_feedback/\ncreated:       2010-02-12T08:47:06Z\npaid-till:     2022-02-12T08:47:06Z\nfree-date:     2022-03-15\nsource:        TCI\n\nLast updated on 2020-12-16T20:56:30Z\n\n', 'whois_info': {'domain': 'XN--80AX.XN--P1AI', 'nserver 1': 'ns1.masterhost.ru.', 'nserver 2': 'ns2.masterhost.ru.', 'nserver 3': 'ns.masterhost.ru.', 'state': 'REGISTERED, DELEGATED, VERIFIED', 'org': 'AO "Grasis"', 'registrar': 'RD-RF', 'admin-contact': 'https://cp.mastername.ru/domain_feedback/', 'created': '2010-02-12T08:47:06Z', 'paid-till': '2022-02-12T08:47:06Z', 'free-date': '2022-03-15'}, 'http_info': 'code: 200, https: False', 'dns_info': {'A': "['90.156.201.46', '90.156.201.13', '90.156.201.38', '90.156.201.79']", 'AAAA': "['2a00:15f8:a000:5:1:11:2:4163', '2a00:15f8:a000:5:1:13:2:4163', '2a00:15f8:a000:5:1:14:2:4163', '2a00:15f8:a000:5:1:12:2:4163']", 'NS': "['ns2.masterhost.ru.', 'ns.masterhost.ru.', 'ns1.masterhost.ru.']", 'CNAME': 'None', 'MX': 'None', 'TXT': 'None'}}, 'reg.ru': {'whois_text': "% By submitting a query to RIPN's Whois Service\n% you agree to abide by the following terms of use:\n% http://www.ripn.net/about/servpol.html#3.2 (in Russian) \n% http://www.ripn.net/about/en/servpol.html#3.2 (in English).\n\ndomain:        REG.RU\nnserver:       ns1.reg.ru. 176.99.13.11, 176.99.13.13, 176.99.13.15, 176.99.13.17, 194.58.117.11, 194.58.117.13, 194.58.117.15, 194.58.117.17, 2a00:f940:4::47\nnserver:       ns2.reg.ru. 176.99.13.12, 176.99.13.14, 176.99.13.16, 176.99.13.18, 194.58.117.12, 194.58.117.14, 194.58.117.16, 194.58.117.18, 2a00:f940:5::190\nstate:         REGISTERED, DELEGATED, VERIFIED\norg:           Domain name registrar REG.RU Ltd.\nregistrar:     REGRU-RU\nadmin-contact: http://www.reg.ru/whois/admin_contact\ncreated:       2005-10-31T21:00:00Z\npaid-till:     2021-10-31T21:00:00Z\nfree-date:     2021-12-02\nsource:        TCI\n\nLast updated on 2020-12-16T20:56:30Z\n\n", 'whois_info': {'domain': 'REG.RU', 'nserver 1': 'ns1.reg.ru. 176.99.13.11, 176.99.13.13, 176.99.13.15, 176.99.13.17, 194.58.117.11, 194.58.117.13, 194.58.117.15, 194.58.117.17, 2a00:f940:4::47', 'nserver 2': 'ns2.reg.ru. 176.99.13.12, 176.99.13.14, 176.99.13.16, 176.99.13.18, 194.58.117.12, 194.58.117.14, 194.58.117.16, 194.58.117.18, 2a00:f940:5::190', 'state': 'REGISTERED, DELEGATED, VERIFIED', 'org': 'Domain name registrar REG.RU Ltd.', 'registrar': 'REGRU-RU', 'admin-contact': 'http://www.reg.ru/whois/admin_contact', 'created': '2005-10-31T21:00:00Z', 'paid-till': '2021-10-31T21:00:00Z', 'free-date': '2021-12-02'}, 'http_info': 'code: 200, https: True', 'dns_info': {'A': "['194.58.116.31']", 'AAAA': "['2a00:f940:4::8']", 'NS': "['ns2.reg.ru.', 'ns1.reg.ru.']", 'CNAME': 'None', 'MX': "['10 aspmx3.googlemail.com.', '1 aspmx.l.google.com.', '9 aspmx2.googlemail.com.', '5 alt1.aspmx.l.google.com.', '6 alt2.aspmx.l.google.com.']", 'TXT': '[\'google-site-verification=C2fqzBtaO7m79tR37QPhe2yx_Y35JFYtt6556Gmtt8I\', \'google-site-verification=T4VNp49mW_sdFhdRpJaLVqpX0tsxhvqE1muQIqn53XM\', \'_globalsign-domain-verification=gsVD170OuYciVMg_PWncq9FcQ_buNIHZrMewY7a0oZ\', \'google-site-verification=iNCOGvgecL33MECdRd7KzXu_rvl2o7ndJtZtk5mL7dA\', \'v=spf1 ip4:87.242.73.97 ip4:151.248.124.12 ip4:31.31.204.0/24 ip4:194.58.116.0/24 ip4:31.31.205.0/24 ip4:89.208.17.22 ip4:151.248.124.12 ip4:95.213.135.163 ip4:89.108.89.3 ip6:2a00:f940:0:8000::2 include:aspmx.googlemail.com  include:__spf_opensrs.reg.ru " "include:__spf_publicdomainregistry.reg.ru ~all\', \'mailru-verification: dbe01c84e25720a0\', \'google-site-verification=QqRtBwaD2VYUYhHYTwXcdLtu4n0WnLSYvbZGrqBSuAc\']'}}, 'мама.рф': {'whois_text': "% By submitting a query to RIPN's Whois Service\n% you agree to abide by the following terms of use:\n% http://www.ripn.net/about/servpol.html#3.2 (in Russian) \n% http://www.ripn.net/about/en/servpol.html#3.2 (in English).\n\ndomain:        XN--80AA8AB.XN--P1AI\nnserver:       ns3.nic.ru.\nnserver:       ns4.nic.ru.\nnserver:       ns8.nic.ru.\nstate:         REGISTERED, DELEGATED, VERIFIED\nperson:        Private Person\nregistrar:     RUCENTER-RF\nadmin-contact: https://www.nic.ru/whois\ncreated:       2009-12-10T09:13:53Z\npaid-till:     2021-12-10T09:13:53Z\nfree-date:     2022-01-10\nsource:        TCI\n\nLast updated on 2020-12-16T20:56:30Z\n\n", 'whois_info': {'domain': 'XN--80AA8AB.XN--P1AI', 'nserver 1': 'ns3.nic.ru.', 'nserver 2': 'ns4.nic.ru.', 'nserver 3': 'ns8.nic.ru.', 'state': 'REGISTERED, DELEGATED, VERIFIED', 'person': 'Private Person', 'registrar': 'RUCENTER-RF', 'admin-contact': 'https://www.nic.ru/whois', 'created': '2009-12-10T09:13:53Z', 'paid-till': '2021-12-10T09:13:53Z', 'free-date': '2022-01-10'}, 'http_info': 'GETTING_HTTP_INFO_ERROR', 'dns_info': 'GETTING_DNS_INFO_ERROR'}, 'маdfbма.рф': {'whois_text': "% By submitting a query to RIPN's Whois Service\n% you agree to abide by the following terms of use:\n% http://www.ripn.net/about/servpol.html#3.2 (in Russian) \n% http://www.ripn.net/about/en/servpol.html#3.2 (in English).\n\nNo entries found for the selected source(s).\n\nLast updated on 2020-12-16T20:56:30Z\n\n", 'whois_info': 'DOMAIN_NOT_REGISTRED', 'http_info': 'GETTING_HTTP_INFO_ERROR', 'dns_info': 'GETTING_DNS_INFO_ERROR'}, 'Invalid domain names': ['werqerw']}
2020-12-18 19:09:42,098 - DEBUG - logger_client - Запрос клиента: метод: get_all_info, домены: ['ма.рф', 'reg.ru', 'мама.рф', 'маdfbма.рф', 'werqerw'], use_cache: True. Ответ: {'ма.рф': {'whois_text': '% By submitting a query to RIPN\'s Whois Service\n% you agree to abide by the following terms of use:\n% http://www.ripn.net/about/servpol.html#3.2 (in Russian) \n% http://www.ripn.net/about/en/servpol.html#3.2 (in English).\n\ndomain:        XN--80AX.XN--P1AI\nnserver:       ns1.masterhost.ru.\nnserver:       ns2.masterhost.ru.\nnserver:       ns.masterhost.ru.\nstate:         REGISTERED, DELEGATED, VERIFIED\norg:           AO "Grasis"\nregistrar:     RD-RF\nadmin-contact: https://cp.mastername.ru/domain_feedback/\ncreated:       2010-02-12T08:47:06Z\npaid-till:     2022-02-12T08:47:06Z\nfree-date:     2022-03-15\nsource:        TCI\n\nLast updated on 2020-12-18T15:06:31Z\n\n', 'whois_info': {'domain': 'XN--80AX.XN--P1AI', 'nserver 1': 'ns1.masterhost.ru.', 'nserver 2': 'ns2.masterhost.ru.', 'nserver 3': 'ns.masterhost.ru.', 'state': 'REGISTERED, DELEGATED, VERIFIED', 'org': 'AO "Grasis"', 'registrar': 'RD-RF', 'admin-contact': 'https://cp.mastername.ru/domain_feedback/', 'created': '2010-02-12T08:47:06Z', 'paid-till': '2022-02-12T08:47:06Z', 'free-date': '2022-03-15'}, 'http_info': 'code: 200, https: False', 'dns_info': {'A': ['90.156.201.38', '90.156.201.13', '90.156.201.79', '90.156.201.46'], 'AAAA': ['2a00:15f8:a000:5:1:12:2:4163', '2a00:15f8:a000:5:1:13:2:4163', '2a00:15f8:a000:5:1:11:2:4163', '2a00:15f8:a000:5:1:14:2:4163'], 'NS': ['ns.masterhost.ru.', 'ns1.masterhost.ru.', 'ns2.masterhost.ru.'], 'TXT': None, 'MX': None, 'CNAME': None}}, 'reg.ru': {'whois_text': "% By submitting a query to RIPN's Whois Service\n% you agree to abide by the following terms of use:\n% http://www.ripn.net/about/servpol.html#3.2 (in Russian) \n% http://www.ripn.net/about/en/servpol.html#3.2 (in English).\n\ndomain:        REG.RU\nnserver:       ns1.reg.ru. 176.99.13.11, 176.99.13.13, 176.99.13.15, 176.99.13.17, 194.58.117.11, 194.58.117.13, 194.58.117.15, 194.58.117.17, 2a00:f940:4::47\nnserver:       ns2.reg.ru. 176.99.13.12, 176.99.13.14, 176.99.13.16, 176.99.13.18, 194.58.117.12, 194.58.117.14, 194.58.117.16, 194.58.117.18, 2a00:f940:5::190\nstate:         REGISTERED, DELEGATED, VERIFIED\norg:           Domain name registrar REG.RU Ltd.\nregistrar:     REGRU-RU\nadmin-contact: http://www.reg.ru/whois/admin_contact\ncreated:       2005-10-31T21:00:00Z\npaid-till:     2021-10-31T21:00:00Z\nfree-date:     2021-12-02\nsource:        TCI\n\nLast updated on 2020-12-18T15:06:31Z\n\n", 'whois_info': {'domain': 'REG.RU', 'nserver 1': 'ns1.reg.ru. 176.99.13.11, 176.99.13.13, 176.99.13.15, 176.99.13.17, 194.58.117.11, 194.58.117.13, 194.58.117.15, 194.58.117.17, 2a00:f940:4::47', 'nserver 2': 'ns2.reg.ru. 176.99.13.12, 176.99.13.14, 176.99.13.16, 176.99.13.18, 194.58.117.12, 194.58.117.14, 194.58.117.16, 194.58.117.18, 2a00:f940:5::190', 'state': 'REGISTERED, DELEGATED, VERIFIED', 'org': 'Domain name registrar REG.RU Ltd.', 'registrar': 'REGRU-RU', 'admin-contact': 'http://www.reg.ru/whois/admin_contact', 'created': '2005-10-31T21:00:00Z', 'paid-till': '2021-10-31T21:00:00Z', 'free-date': '2021-12-02'}, 'http_info': 'code: 200, https: True', 'dns_info': {'A': ['194.58.116.31'], 'AAAA': ['2a00:f940:4::8'], 'NS': ['ns1.reg.ru.', 'ns2.reg.ru.'], 'TXT': ['mailru-verification: dbe01c84e25720a0', 'google-site-verification=C2fqzBtaO7m79tR37QPhe2yx_Y35JFYtt6556Gmtt8I', 'google-site-verification=QqRtBwaD2VYUYhHYTwXcdLtu4n0WnLSYvbZGrqBSuAc', 'google-site-verification=T4VNp49mW_sdFhdRpJaLVqpX0tsxhvqE1muQIqn53XM', 'google-site-verification=iNCOGvgecL33MECdRd7KzXu_rvl2o7ndJtZtk5mL7dA', '_globalsign-domain-verification=gsVD170OuYciVMg_PWncq9FcQ_buNIHZrMewY7a0oZ', 'v=spf1 ip4:87.242.73.97 ip4:151.248.124.12 ip4:31.31.204.0/24 ip4:194.58.116.0/24 ip4:31.31.205.0/24 ip4:89.208.17.22 ip4:151.248.124.12 ip4:95.213.135.163 ip4:89.108.89.3 ip6:2a00:f940:0:8000::2 include:aspmx.googlemail.com  include:__spf_opensrs.reg.ru " "include:__spf_publicdomainregistry.reg.ru ~all'], 'MX': ['1 aspmx.l.google.com.', '5 alt1.aspmx.l.google.com.', '6 alt2.aspmx.l.google.com.', '9 aspmx2.googlemail.com.', '10 aspmx3.googlemail.com.'], 'CNAME': None}}, 'мама.рф': {'whois_text': "% By submitting a query to RIPN's Whois Service\n% you agree to abide by the following terms of use:\n% http://www.ripn.net/about/servpol.html#3.2 (in Russian) \n% http://www.ripn.net/about/en/servpol.html#3.2 (in English).\n\ndomain:        XN--80AA8AB.XN--P1AI\nnserver:       ns3.nic.ru.\nnserver:       ns4.nic.ru.\nnserver:       ns8.nic.ru.\nstate:         REGISTERED, DELEGATED, VERIFIED\nperson:        Private Person\nregistrar:     RUCENTER-RF\nadmin-contact: https://www.nic.ru/whois\ncreated:       2009-12-10T09:13:53Z\npaid-till:     2021-12-10T09:13:53Z\nfree-date:     2022-01-10\nsource:        TCI\n\nLast updated on 2020-12-18T15:06:31Z\n\n", 'whois_info': {'domain': 'XN--80AA8AB.XN--P1AI', 'nserver 1': 'ns3.nic.ru.', 'nserver 2': 'ns4.nic.ru.', 'nserver 3': 'ns8.nic.ru.', 'state': 'REGISTERED, DELEGATED, VERIFIED', 'person': 'Private Person', 'registrar': 'RUCENTER-RF', 'admin-contact': 'https://www.nic.ru/whois', 'created': '2009-12-10T09:13:53Z', 'paid-till': '2021-12-10T09:13:53Z', 'free-date': '2022-01-10'}, 'http_info': 'GETTING_HTTP_INFO_ERROR', 'dns_info': 'GETTING_DNS_INFO_ERROR'}, 'маdfbма.рф': {'whois_text': "% By submitting a query to RIPN's Whois Service\n% you agree to abide by the following terms of use:\n% http://www.ripn.net/about/servpol.html#3.2 (in Russian) \n% http://www.ripn.net/about/en/servpol.html#3.2 (in English).\n\nNo entries found for the selected source(s).\n\nLast updated on 2020-12-18T15:06:31Z\n\n", 'whois_info': 'DOMAIN_NOT_REGISTRED', 'http_info': 'GETTING_HTTP_INFO_ERROR', 'dns_info': 'GETTING_DNS_INFO_ERROR'}, 'Invalid domain names': ['werqerw']}
2020-12-23 15:41:11,246 - DEBUG - logger_client - Запрос клиента: метод: get_whois_info, домены: ['ма.рф'], use_cache: True. Ответ: {'ма.рф': {'domain': 'XN--80AX.XN--P1AI', 'nserver 1': 'ns1.masterhost.ru.', 'nserver 2': 'ns2.masterhost.ru.', 'nserver 3': 'ns.masterhost.ru.', 'state': 'REGISTERED, DELEGATED, VERIFIED', 'org': 'AO "Grasis"', 'registrar': 'RD-RF', 'admin-contact': 'https://cp.mastername.ru/domain_feedback/', 'created': '2010-02-12T08:47:06Z', 'paid-till': '2022-02-12T08:47:06Z', 'free-date': '2022-03-15'}}
2020-12-23 15:43:01,793 - DEBUG - logger_client - Запрос клиента: метод: get_whois_info, домены: ['ма.рф'], use_cache: True. Ответ: {'ма.рф': {'domain': 'XN--80AX.XN--P1AI', 'nserver 1': 'ns1.masterhost.ru.', 'nserver 2': 'ns2.masterhost.ru.', 'nserver 3': 'ns.masterhost.ru.', 'state': 'REGISTERED, DELEGATED, VERIFIED', 'org': 'AO "Grasis"', 'registrar': 'RD-RF', 'admin-contact': 'https://cp.mastername.ru/domain_feedback/', 'created': '2010-02-12T08:47:06Z', 'paid-till': '2022-02-12T08:47:06Z', 'free-date': '2022-03-15'}}
2020-12-24 13:16:50,804 - DEBUG - logger_client - Запрос клиента: метод: get_all_info, домены: ['ма.рф', 'reg.ru', 'мама.рф', 'маdfbма.рф', 'werqerw'], use_cache: True. Ответ: {'ма.рф': {'whois_text': '% By submitting a query to RIPN\'s Whois Service\n% you agree to abide by the following terms of use:\n% http://www.ripn.net/about/servpol.html#3.2 (in Russian) \n% http://www.ripn.net/about/en/servpol.html#3.2 (in English).\n\ndomain:        XN--80AX.XN--P1AI\nnserver:       ns1.masterhost.ru.\nnserver:       ns2.masterhost.ru.\nnserver:       ns.masterhost.ru.\nstate:         REGISTERED, DELEGATED, VERIFIED\norg:           AO "Grasis"\nregistrar:     RD-RF\nadmin-contact: https://cp.mastername.ru/domain_feedback/\ncreated:       2010-02-12T08:47:06Z\npaid-till:     2022-02-12T08:47:06Z\nfree-date:     2022-03-15\nsource:        TCI\n\nLast updated on 2020-12-24T09:11:30Z\n\n', 'whois_info': {'domain': 'XN--80AX.XN--P1AI', 'nserver 1': 'ns1.masterhost.ru.', 'nserver 2': 'ns2.masterhost.ru.', 'nserver 3': 'ns.masterhost.ru.', 'state': 'REGISTERED, DELEGATED, VERIFIED', 'org': 'AO "Grasis"', 'registrar': 'RD-RF', 'admin-contact': 'https://cp.mastername.ru/domain_feedback/', 'created': '2010-02-12T08:47:06Z', 'paid-till': '2022-02-12T08:47:06Z', 'free-date': '2022-03-15'}, 'http_info': 'code: 200, https: False', 'dns_info': {'A': ['90.156.201.46', '90.156.201.38', '90.156.201.13', '90.156.201.79'], 'AAAA': ['2a00:15f8:a000:5:1:14:2:4163', '2a00:15f8:a000:5:1:11:2:4163', '2a00:15f8:a000:5:1:12:2:4163', '2a00:15f8:a000:5:1:13:2:4163'], 'NS': ['ns.masterhost.ru.', 'ns2.masterhost.ru.', 'ns1.masterhost.ru.'], 'TXT': None, 'MX': None, 'CNAME': None}}, 'reg.ru': {'whois_text': "% By submitting a query to RIPN's Whois Service\n% you agree to abide by the following terms of use:\n% http://www.ripn.net/about/servpol.html#3.2 (in Russian) \n% http://www.ripn.net/about/en/servpol.html#3.2 (in English).\n\ndomain:        REG.RU\nnserver:       ns1.reg.ru. 176.99.13.11, 176.99.13.13, 176.99.13.15, 176.99.13.17, 194.58.117.11, 194.58.117.13, 194.58.117.15, 194.58.117.17, 2a00:f940:4::47\nnserver:       ns2.reg.ru. 176.99.13.12, 176.99.13.14, 176.99.13.16, 176.99.13.18, 194.58.117.12, 194.58.117.14, 194.58.117.16, 194.58.117.18, 2a00:f940:5::190\nstate:         REGISTERED, DELEGATED, VERIFIED\norg:           Domain name registrar REG.RU Ltd.\nregistrar:     REGRU-RU\nadmin-contact: http://www.reg.ru/whois/admin_contact\ncreated:       2005-10-31T21:00:00Z\npaid-till:     2021-10-31T21:00:00Z\nfree-date:     2021-12-02\nsource:        TCI\n\nLast updated on 2020-12-24T09:11:30Z\n\n", 'whois_info': {'domain': 'REG.RU', 'nserver 1': 'ns1.reg.ru. 176.99.13.11, 176.99.13.13, 176.99.13.15, 176.99.13.17, 194.58.117.11, 194.58.117.13, 194.58.117.15, 194.58.117.17, 2a00:f940:4::47', 'nserver 2': 'ns2.reg.ru. 176.99.13.12, 176.99.13.14, 176.99.13.16, 176.99.13.18, 194.58.117.12, 194.58.117.14, 194.58.117.16, 194.58.117.18, 2a00:f940:5::190', 'state': 'REGISTERED, DELEGATED, VERIFIED', 'org': 'Domain name registrar REG.RU Ltd.', 'registrar': 'REGRU-RU', 'admin-contact': 'http://www.reg.ru/whois/admin_contact', 'created': '2005-10-31T21:00:00Z', 'paid-till': '2021-10-31T21:00:00Z', 'free-date': '2021-12-02'}, 'http_info': 'code: 200, https: True', 'dns_info': {'A': ['194.58.116.31'], 'AAAA': ['2a00:f940:4::8'], 'NS': ['ns1.reg.ru.', 'ns2.reg.ru.'], 'TXT': ['mailru-verification: dbe01c84e25720a0', 'google-site-verification=C2fqzBtaO7m79tR37QPhe2yx_Y35JFYtt6556Gmtt8I', 'google-site-verification=QqRtBwaD2VYUYhHYTwXcdLtu4n0WnLSYvbZGrqBSuAc', 'google-site-verification=T4VNp49mW_sdFhdRpJaLVqpX0tsxhvqE1muQIqn53XM', 'google-site-verification=iNCOGvgecL33MECdRd7KzXu_rvl2o7ndJtZtk5mL7dA', '_globalsign-domain-verification=gsVD170OuYciVMg_PWncq9FcQ_buNIHZrMewY7a0oZ', 'v=spf1 ip4:87.242.73.97 ip4:151.248.124.12 ip4:31.31.204.0/24 ip4:194.58.116.0/24 ip4:31.31.205.0/24 ip4:89.208.17.22 ip4:151.248.124.12 ip4:95.213.135.163 ip4:89.108.89.3 ip6:2a00:f940:0:8000::2 include:aspmx.googlemail.com  include:__spf_opensrs.reg.ru " "include:__spf_publicdomainregistry.reg.ru ~all'], 'MX': ['1 aspmx.l.google.com.', '5 alt1.aspmx.l.google.com.', '6 alt2.aspmx.l.google.com.', '9 aspmx2.googlemail.com.', '10 aspmx3.googlemail.com.'], 'CNAME': None}}, 'мама.рф': {'whois_text': "% By submitting a query to RIPN's Whois Service\n% you agree to abide by the following terms of use:\n% http://www.ripn.net/about/servpol.html#3.2 (in Russian) \n% http://www.ripn.net/about/en/servpol.html#3.2 (in English).\n\ndomain:        XN--80AA8AB.XN--P1AI\nnserver:       ns3.nic.ru.\nnserver:       ns4.nic.ru.\nnserver:       ns8.nic.ru.\nstate:         REGISTERED, DELEGATED, VERIFIED\nperson:        Private Person\nregistrar:     RUCENTER-RF\nadmin-contact: https://www.nic.ru/whois\ncreated:       2009-12-10T09:13:53Z\npaid-till:     2021-12-10T09:13:53Z\nfree-date:     2022-01-10\nsource:        TCI\n\nLast updated on 2020-12-24T09:11:30Z\n\n", 'whois_info': {'domain': 'XN--80AA8AB.XN--P1AI', 'nserver 1': 'ns3.nic.ru.', 'nserver 2': 'ns4.nic.ru.', 'nserver 3': 'ns8.nic.ru.', 'state': 'REGISTERED, DELEGATED, VERIFIED', 'person': 'Private Person', 'registrar': 'RUCENTER-RF', 'admin-contact': 'https://www.nic.ru/whois', 'created': '2009-12-10T09:13:53Z', 'paid-till': '2021-12-10T09:13:53Z', 'free-date': '2022-01-10'}, 'http_info': 'GETTING_HTTP_INFO_ERROR', 'dns_info': 'GETTING_DNS_INFO_ERROR'}, 'маdfbма.рф': {'whois_text': "% By submitting a query to RIPN's Whois Service\n% you agree to abide by the following terms of use:\n% http://www.ripn.net/about/servpol.html#3.2 (in Russian) \n% http://www.ripn.net/about/en/servpol.html#3.2 (in English).\n\nNo entries found for the selected source(s).\n\nLast updated on 2020-12-24T09:11:30Z\n\n", 'whois_info': 'DOMAIN_NOT_REGISTRED', 'http_info': 'GETTING_HTTP_INFO_ERROR', 'dns_info': 'GETTING_DNS_INFO_ERROR'}, 'Invalid domain names': ['werqerw']}
2020-12-25 23:53:58,668 - DEBUG - logger_client - Запрос клиента: метод: get_all_info, домены: ['ма.рф', 'reg.ru', 'мама.рф', 'маdfbма.рф', 'werqerw'], use_cache: True. Ответ: {'ма.рф': {'whois_text': '% By submitting a query to RIPN\'s Whois Service\n% you agree to abide by the following terms of use:\n% http://www.ripn.net/about/servpol.html#3.2 (in Russian) \n% http://www.ripn.net/about/en/servpol.html#3.2 (in English).\n\ndomain:        XN--80AX.XN--P1AI\nnserver:       ns1.masterhost.ru.\nnserver:       ns2.masterhost.ru.\nnserver:       ns.masterhost.ru.\nstate:         REGISTERED, DELEGATED, VERIFIED\norg:           AO "Grasis"\nregistrar:     RD-RF\nadmin-contact: https://cp.mastername.ru/domain_feedback/\ncreated:       2010-02-12T08:47:06Z\npaid-till:     2022-02-12T08:47:06Z\nfree-date:     2022-03-15\nsource:        TCI\n\nLast updated on 2020-12-25T19:51:30Z\n\n', 'whois_info': {'domain': 'XN--80AX.XN--P1AI', 'nserver 1': 'ns1.masterhost.ru.', 'nserver 2': 'ns2.masterhost.ru.', 'nserver 3': 'ns.masterhost.ru.', 'state': 'REGISTERED, DELEGATED, VERIFIED', 'org': 'AO "Grasis"', 'registrar': 'RD-RF', 'admin-contact': 'https://cp.mastername.ru/domain_feedback/', 'created': '2010-02-12T08:47:06Z', 'paid-till': '2022-02-12T08:47:06Z', 'free-date': '2022-03-15'}, 'http_info': 'code: 200, https: False', 'dns_info': {'A': ['90.156.201.38', '90.156.201.13', '90.156.201.79', '90.156.201.46'], 'AAAA': ['2a00:15f8:a000:5:1:13:2:4163', '2a00:15f8:a000:5:1:12:2:4163', '2a00:15f8:a000:5:1:11:2:4163', '2a00:15f8:a000:5:1:14:2:4163'], 'NS': ['ns1.masterhost.ru.', 'ns2.masterhost.ru.', 'ns.masterhost.ru.'], 'TXT': None, 'MX': None, 'CNAME': None}}, 'reg.ru': {'whois_text': "% By submitting a query to RIPN's Whois Service\n% you agree to abide by the following terms of use:\n% http://www.ripn.net/about/servpol.html#3.2 (in Russian) \n% http://www.ripn.net/about/en/servpol.html#3.2 (in English).\n\ndomain:        REG.RU\nnserver:       ns1.reg.ru. 176.99.13.11, 176.99.13.13, 176.99.13.15, 176.99.13.17, 194.58.117.11, 194.58.117.13, 194.58.117.15, 194.58.117.17, 2a00:f940:4::47\nnserver:       ns2.reg.ru. 176.99.13.12, 176.99.13.14, 176.99.13.16, 176.99.13.18, 194.58.117.12, 194.58.117.14, 194.58.117.16, 194.58.117.18, 2a00:f940:5::190\nstate:         REGISTERED, DELEGATED, VERIFIED\norg:           Domain name registrar REG.RU Ltd.\nregistrar:     REGRU-RU\nadmin-contact: http://www.reg.ru/whois/admin_contact\ncreated:       2005-10-31T21:00:00Z\npaid-till:     2021-10-31T21:00:00Z\nfree-date:     2021-12-02\nsource:        TCI\n\nLast updated on 2020-12-25T19:51:30Z\n\n", 'whois_info': {'domain': 'REG.RU', 'nserver 1': 'ns1.reg.ru. 176.99.13.11, 176.99.13.13, 176.99.13.15, 176.99.13.17, 194.58.117.11, 194.58.117.13, 194.58.117.15, 194.58.117.17, 2a00:f940:4::47', 'nserver 2': 'ns2.reg.ru. 176.99.13.12, 176.99.13.14, 176.99.13.16, 176.99.13.18, 194.58.117.12, 194.58.117.14, 194.58.117.16, 194.58.117.18, 2a00:f940:5::190', 'state': 'REGISTERED, DELEGATED, VERIFIED', 'org': 'Domain name registrar REG.RU Ltd.', 'registrar': 'REGRU-RU', 'admin-contact': 'http://www.reg.ru/whois/admin_contact', 'created': '2005-10-31T21:00:00Z', 'paid-till': '2021-10-31T21:00:00Z', 'free-date': '2021-12-02'}, 'http_info': 'code: 200, https: True', 'dns_info': {'A': ['194.58.116.31'], 'AAAA': ['2a00:f940:4::8'], 'NS': ['ns1.reg.ru.', 'ns2.reg.ru.'], 'TXT': ['v=spf1 ip4:87.242.73.97 ip4:151.248.124.12 ip4:31.31.204.0/24 ip4:194.58.116.0/24 ip4:31.31.205.0/24 ip4:89.208.17.22 ip4:151.248.124.12 ip4:95.213.135.163 ip4:89.108.89.3 ip6:2a00:f940:0:8000::2 include:aspmx.googlemail.com  include:__spf_opensrs.reg.ru " "include:__spf_publicdomainregistry.reg.ru ~all', 'mailru-verification: dbe01c84e25720a0', 'google-site-verification=C2fqzBtaO7m79tR37QPhe2yx_Y35JFYtt6556Gmtt8I', 'google-site-verification=iNCOGvgecL33MECdRd7KzXu_rvl2o7ndJtZtk5mL7dA', 'google-site-verification=T4VNp49mW_sdFhdRpJaLVqpX0tsxhvqE1muQIqn53XM', 'google-site-verification=QqRtBwaD2VYUYhHYTwXcdLtu4n0WnLSYvbZGrqBSuAc'], 'MX': ['10 aspmx3.googlemail.com.', '5 alt1.aspmx.l.google.com.', '1 aspmx.l.google.com.', '6 alt2.aspmx.l.google.com.', '9 aspmx2.googlemail.com.'], 'CNAME': None}}, 'мама.рф': {'whois_text': "% By submitting a query to RIPN's Whois Service\n% you agree to abide by the following terms of use:\n% http://www.ripn.net/about/servpol.html#3.2 (in Russian) \n% http://www.ripn.net/about/en/servpol.html#3.2 (in English).\n\ndomain:        XN--80AA8AB.XN--P1AI\nnserver:       ns3.nic.ru.\nnserver:       ns4.nic.ru.\nnserver:       ns8.nic.ru.\nstate:         REGISTERED, DELEGATED, VERIFIED\nperson:        Private Person\nregistrar:     RUCENTER-RF\nadmin-contact: https://www.nic.ru/whois\ncreated:       2009-12-10T09:13:53Z\npaid-till:     2021-12-10T09:13:53Z\nfree-date:     2022-01-10\nsource:        TCI\n\nLast updated on 2020-12-25T19:51:30Z\n\n", 'whois_info': {'domain': 'XN--80AA8AB.XN--P1AI', 'nserver 1': 'ns3.nic.ru.', 'nserver 2': 'ns4.nic.ru.', 'nserver 3': 'ns8.nic.ru.', 'state': 'REGISTERED, DELEGATED, VERIFIED', 'person': 'Private Person', 'registrar': 'RUCENTER-RF', 'admin-contact': 'https://www.nic.ru/whois', 'created': '2009-12-10T09:13:53Z', 'paid-till': '2021-12-10T09:13:53Z', 'free-date': '2022-01-10'}, 'http_info': 'GETTING_HTTP_INFO_ERROR', 'dns_info': 'GETTING_DNS_INFO_ERROR'}, 'маdfbма.рф': {'whois_text': "% By submitting a query to RIPN's Whois Service\n% you agree to abide by the following terms of use:\n% http://www.ripn.net/about/servpol.html#3.2 (in Russian) \n% http://www.ripn.net/about/en/servpol.html#3.2 (in English).\n\nNo entries found for the selected source(s).\n\nLast updated on 2020-12-25T19:51:30Z\n\n", 'whois_info': 'DOMAIN_NOT_REGISTRED', 'http_info': 'GETTING_HTTP_INFO_ERROR', 'dns_info': 'GETTING_DNS_INFO_ERROR'}, 'Invalid domain names': ['werqerw']}
2020-12-25 23:54:24,950 - DEBUG - logger_client - Запрос клиента: метод: get_all_info, домены: ['ма.рф', 'reg.ru', 'мама.рф', 'маdfbма.рф', 'werqerw'], use_cache: True. Ответ: {'ма.рф': {'whois_text': '% By submitting a query to RIPN\'s Whois Service\n% you agree to abide by the following terms of use:\n% http://www.ripn.net/about/servpol.html#3.2 (in Russian) \n% http://www.ripn.net/about/en/servpol.html#3.2 (in English).\n\ndomain:        XN--80AX.XN--P1AI\nnserver:       ns1.masterhost.ru.\nnserver:       ns2.masterhost.ru.\nnserver:       ns.masterhost.ru.\nstate:         REGISTERED, DELEGATED, VERIFIED\norg:           AO "Grasis"\nregistrar:     RD-RF\nadmin-contact: https://cp.mastername.ru/domain_feedback/\ncreated:       2010-02-12T08:47:06Z\npaid-till:     2022-02-12T08:47:06Z\nfree-date:     2022-03-15\nsource:        TCI\n\nLast updated on 2020-12-25T19:51:30Z\n\n', 'whois_info': {'domain': 'XN--80AX.XN--P1AI', 'nserver 1': 'ns1.masterhost.ru.', 'nserver 2': 'ns2.masterhost.ru.', 'nserver 3': 'ns.masterhost.ru.', 'state': 'REGISTERED, DELEGATED, VERIFIED', 'org': 'AO "Grasis"', 'registrar': 'RD-RF', 'admin-contact': 'https://cp.mastername.ru/domain_feedback/', 'created': '2010-02-12T08:47:06Z', 'paid-till': '2022-02-12T08:47:06Z', 'free-date': '2022-03-15'}, 'http_info': 'code: 200, https: False', 'dns_info': {'AAAA': "['2a00:15f8:a000:5:1:13:2:4163', '2a00:15f8:a000:5:1:12:2:4163', '2a00:15f8:a000:5:1:11:2:4163', '2a00:15f8:a000:5:1:14:2:4163']", 'A': "['90.156.201.38', '90.156.201.13', '90.156.201.79', '90.156.201.46']", 'CNAME': 'None', 'NS': "['ns1.masterhost.ru.', 'ns2.masterhost.ru.', 'ns.masterhost.ru.']", 'TXT': 'None', 'MX': 'None'}}, 'reg.ru': {'whois_text': "% By submitting a query to RIPN's Whois Service\n% you agree to abide by the following terms of use:\n% http://www.ripn.net/about/servpol.html#3.2 (in Russian) \n% http://www.ripn.net/about/en/servpol.html#3.2 (in English).\n\ndomain:        REG.RU\nnserver:       ns1.reg.ru. 176.99.13.11, 176.99.13.13, 176.99.13.15, 176.99.13.17, 194.58.117.11, 194.58.117.13, 194.58.117.15, 194.58.117.17, 2a00:f940:4::47\nnserver:       ns2.reg.ru. 176.99.13.12, 176.99.13.14, 176.99.13.16, 176.99.13.18, 194.58.117.12, 194.58.117.14, 194.58.117.16, 194.58.117.18, 2a00:f940:5::190\nstate:         REGISTERED, DELEGATED, VERIFIED\norg:           Domain name registrar REG.RU Ltd.\nregistrar:     REGRU-RU\nadmin-contact: http://www.reg.ru/whois/admin_contact\ncreated:       2005-10-31T21:00:00Z\npaid-till:     2021-10-31T21:00:00Z\nfree-date:     2021-12-02\nsource:        TCI\n\nLast updated on 2020-12-25T19:51:30Z\n\n", 'whois_info': {'domain': 'REG.RU', 'nserver 1': 'ns1.reg.ru. 176.99.13.11, 176.99.13.13, 176.99.13.15, 176.99.13.17, 194.58.117.11, 194.58.117.13, 194.58.117.15, 194.58.117.17, 2a00:f940:4::47', 'nserver 2': 'ns2.reg.ru. 176.99.13.12, 176.99.13.14, 176.99.13.16, 176.99.13.18, 194.58.117.12, 194.58.117.14, 194.58.117.16, 194.58.117.18, 2a00:f940:5::190', 'state': 'REGISTERED, DELEGATED, VERIFIED', 'org': 'Domain name registrar REG.RU Ltd.', 'registrar': 'REGRU-RU', 'admin-contact': 'http://www.reg.ru/whois/admin_contact', 'created': '2005-10-31T21:00:00Z', 'paid-till': '2021-10-31T21:00:00Z', 'free-date': '2021-12-02'}, 'http_info': 'code: 200, https: True', 'dns_info': {'AAAA': "['2a00:f940:4::8']", 'A': "['194.58.116.31']", 'CNAME': 'None', 'NS': "['ns1.reg.ru.', 'ns2.reg.ru.']", 'TXT': '[\'v=spf1 ip4:87.242.73.97 ip4:151.248.124.12 ip4:31.31.204.0/24 ip4:194.58.116.0/24 ip4:31.31.205.0/24 ip4:89.208.17.22 ip4:151.248.124.12 ip4:95.213.135.163 ip4:89.108.89.3 ip6:2a00:f940:0:8000::2 include:aspmx.googlemail.com  include:__spf_opensrs.reg.ru " "include:__spf_publicdomainregistry.reg.ru ~all\', \'mailru-verification: dbe01c84e25720a0\', \'google-site-verification=C2fqzBtaO7m79tR37QPhe2yx_Y35JFYtt6556Gmtt8I\', \'google-site-verification=iNCOGvgecL33MECdRd7KzXu_rvl2o7ndJtZtk5mL7dA\', \'google-site-verification=T4VNp49mW_sdFhdRpJaLVqpX0tsxhvqE1muQIqn53XM\', \'google-site-verification=QqRtBwaD2VYUYhHYTwXcdLtu4n0WnLSYvbZGrqBSuAc\']', 'MX': "['10 aspmx3.googlemail.com.', '5 alt1.aspmx.l.google.com.', '1 aspmx.l.google.com.', '6 alt2.aspmx.l.google.com.', '9 aspmx2.googlemail.com.']"}}, 'мама.рф': {'whois_text': "% By submitting a query to RIPN's Whois Service\n% you agree to abide by the following terms of use:\n% http://www.ripn.net/about/servpol.html#3.2 (in Russian) \n% http://www.ripn.net/about/en/servpol.html#3.2 (in English).\n\ndomain:        XN--80AA8AB.XN--P1AI\nnserver:       ns3.nic.ru.\nnserver:       ns4.nic.ru.\nnserver:       ns8.nic.ru.\nstate:         REGISTERED, DELEGATED, VERIFIED\nperson:        Private Person\nregistrar:     RUCENTER-RF\nadmin-contact: https://www.nic.ru/whois\ncreated:       2009-12-10T09:13:53Z\npaid-till:     2021-12-10T09:13:53Z\nfree-date:     2022-01-10\nsource:        TCI\n\nLast updated on 2020-12-25T19:51:30Z\n\n", 'whois_info': {'domain': 'XN--80AA8AB.XN--P1AI', 'nserver 1': 'ns3.nic.ru.', 'nserver 2': 'ns4.nic.ru.', 'nserver 3': 'ns8.nic.ru.', 'state': 'REGISTERED, DELEGATED, VERIFIED', 'person': 'Private Person', 'registrar': 'RUCENTER-RF', 'admin-contact': 'https://www.nic.ru/whois', 'created': '2009-12-10T09:13:53Z', 'paid-till': '2021-12-10T09:13:53Z', 'free-date': '2022-01-10'}, 'http_info': 'GETTING_HTTP_INFO_ERROR', 'dns_info': 'GETTING_DNS_INFO_ERROR'}, 'маdfbма.рф': {'whois_text': "% By submitting a query to RIPN's Whois Service\n% you agree to abide by the following terms of use:\n% http://www.ripn.net/about/servpol.html#3.2 (in Russian) \n% http://www.ripn.net/about/en/servpol.html#3.2 (in English).\n\nNo entries found for the selected source(s).\n\nLast updated on 2020-12-25T19:51:30Z\n\n", 'whois_info': 'DOMAIN_NOT_REGISTRED', 'http_info': 'GETTING_HTTP_INFO_ERROR', 'dns_info': 'GETTING_DNS_INFO_ERROR'}, 'Invalid domain names': ['werqerw']}
